Archive member included to satisfy reference by file (symbol)

C:/nxp/MCUXpressoIDE_11.10.0_3148/ide/plugins/com.nxp.mcuxpresso.tools.win32_11.10.0.202311280810/tools/bin/../lib/gcc/arm-none-eabi/13.2.1/thumb/v7e-m+fp/hard\libgcc.a(_aeabi_uldivmod.o)
                              ./drivers/fsl_common_arm.o (__aeabi_uldivmod)
C:/nxp/MCUXpressoIDE_11.10.0_3148/ide/plugins/com.nxp.mcuxpresso.tools.win32_11.10.0.202311280810/tools/bin/../lib/gcc/arm-none-eabi/13.2.1/thumb/v7e-m+fp/hard\libgcc.a(_udivmoddi4.o)
                              C:/nxp/MCUXpressoIDE_11.10.0_3148/ide/plugins/com.nxp.mcuxpresso.tools.win32_11.10.0.202311280810/tools/bin/../lib/gcc/arm-none-eabi/13.2.1/thumb/v7e-m+fp/hard\libgcc.a(_aeabi_uldivmod.o) (__udivmoddi4)
C:/nxp/MCUXpressoIDE_11.10.0_3148/ide/plugins/com.nxp.mcuxpresso.tools.win32_11.10.0.202311280810/tools/bin/../lib/gcc/arm-none-eabi/13.2.1/thumb/v7e-m+fp/hard\libgcc.a(_dvmd_tls.o)
                              C:/nxp/MCUXpressoIDE_11.10.0_3148/ide/plugins/com.nxp.mcuxpresso.tools.win32_11.10.0.202311280810/tools/bin/../lib/gcc/arm-none-eabi/13.2.1/thumb/v7e-m+fp/hard\libgcc.a(_aeabi_uldivmod.o) (__aeabi_ldiv0)
C:/nxp/MCUXpressoIDE_11.10.0_3148/ide/plugins/com.nxp.mcuxpresso.tools.win32_11.10.0.202311280810/tools/bin/../lib/gcc/arm-none-eabi/13.2.1/thumb/v7e-m+fp/hard\libc_nano.a(libc_a-assert.o)
                              ./drivers/fsl_adc16.o (__assert_func)
C:/nxp/MCUXpressoIDE_11.10.0_3148/ide/plugins/com.nxp.mcuxpresso.tools.win32_11.10.0.202311280810/tools/bin/../lib/gcc/arm-none-eabi/13.2.1/thumb/v7e-m+fp/hard\libc_nano.a(libc_a-malloc.o)
                              ./drivers/fsl_common.o (malloc)
C:/nxp/MCUXpressoIDE_11.10.0_3148/ide/plugins/com.nxp.mcuxpresso.tools.win32_11.10.0.202311280810/tools/bin/../lib/gcc/arm-none-eabi/13.2.1/thumb/v7e-m+fp/hard\libc_nano.a(libc_a-mallocr.o)
                              C:/nxp/MCUXpressoIDE_11.10.0_3148/ide/plugins/com.nxp.mcuxpresso.tools.win32_11.10.0.202311280810/tools/bin/../lib/gcc/arm-none-eabi/13.2.1/thumb/v7e-m+fp/hard\libc_nano.a(libc_a-malloc.o) (_malloc_r)
C:/nxp/MCUXpressoIDE_11.10.0_3148/ide/plugins/com.nxp.mcuxpresso.tools.win32_11.10.0.202311280810/tools/bin/../lib/gcc/arm-none-eabi/13.2.1/thumb/v7e-m+fp/hard\libc_nano.a(libc_a-mlock.o)
                              C:/nxp/MCUXpressoIDE_11.10.0_3148/ide/plugins/com.nxp.mcuxpresso.tools.win32_11.10.0.202311280810/tools/bin/../lib/gcc/arm-none-eabi/13.2.1/thumb/v7e-m+fp/hard\libc_nano.a(libc_a-mallocr.o) (__malloc_lock)
C:/nxp/MCUXpressoIDE_11.10.0_3148/ide/plugins/com.nxp.mcuxpresso.tools.win32_11.10.0.202311280810/tools/bin/../lib/gcc/arm-none-eabi/13.2.1/thumb/v7e-m+fp/hard\libc_nano.a(libc_a-fprintf.o)
                              C:/nxp/MCUXpressoIDE_11.10.0_3148/ide/plugins/com.nxp.mcuxpresso.tools.win32_11.10.0.202311280810/tools/bin/../lib/gcc/arm-none-eabi/13.2.1/thumb/v7e-m+fp/hard\libc_nano.a(libc_a-assert.o) (fiprintf)
C:/nxp/MCUXpressoIDE_11.10.0_3148/ide/plugins/com.nxp.mcuxpresso.tools.win32_11.10.0.202311280810/tools/bin/../lib/gcc/arm-none-eabi/13.2.1/thumb/v7e-m+fp/hard\libc_nano.a(libc_a-memset.o)
                              ./drivers/fsl_adc16.o (memset)
C:/nxp/MCUXpressoIDE_11.10.0_3148/ide/plugins/com.nxp.mcuxpresso.tools.win32_11.10.0.202311280810/tools/bin/../lib/gcc/arm-none-eabi/13.2.1/thumb/v7e-m+fp/hard\libc_nano.a(libc_a-impure.o)
                              C:/nxp/MCUXpressoIDE_11.10.0_3148/ide/plugins/com.nxp.mcuxpresso.tools.win32_11.10.0.202311280810/tools/bin/../lib/gcc/arm-none-eabi/13.2.1/thumb/v7e-m+fp/hard\libc_nano.a(libc_a-assert.o) (_impure_ptr)
C:/nxp/MCUXpressoIDE_11.10.0_3148/ide/plugins/com.nxp.mcuxpresso.tools.win32_11.10.0.202311280810/tools/bin/../lib/gcc/arm-none-eabi/13.2.1/thumb/v7e-m+fp/hard\libc_nano.a(libc_a-sbrkr.o)
                              C:/nxp/MCUXpressoIDE_11.10.0_3148/ide/plugins/com.nxp.mcuxpresso.tools.win32_11.10.0.202311280810/tools/bin/../lib/gcc/arm-none-eabi/13.2.1/thumb/v7e-m+fp/hard\libc_nano.a(libc_a-mallocr.o) (_sbrk_r)
C:/nxp/MCUXpressoIDE_11.10.0_3148/ide/plugins/com.nxp.mcuxpresso.tools.win32_11.10.0.202311280810/tools/bin/../lib/gcc/arm-none-eabi/13.2.1/thumb/v7e-m+fp/hard\libc_nano.a(libc_a-lock.o)
                              C:/nxp/MCUXpressoIDE_11.10.0_3148/ide/plugins/com.nxp.mcuxpresso.tools.win32_11.10.0.202311280810/tools/bin/../lib/gcc/arm-none-eabi/13.2.1/thumb/v7e-m+fp/hard\libc_nano.a(libc_a-mlock.o) (__retarget_lock_acquire_recursive)
C:/nxp/MCUXpressoIDE_11.10.0_3148/ide/plugins/com.nxp.mcuxpresso.tools.win32_11.10.0.202311280810/tools/bin/../lib/gcc/arm-none-eabi/13.2.1/thumb/v7e-m+fp/hard\libc_nano.a(libc_a-abort.o)
                              C:/nxp/MCUXpressoIDE_11.10.0_3148/ide/plugins/com.nxp.mcuxpresso.tools.win32_11.10.0.202311280810/tools/bin/../lib/gcc/arm-none-eabi/13.2.1/thumb/v7e-m+fp/hard\libc_nano.a(libc_a-assert.o) (abort)
[...]
Memory Configuration

Name             Origin             Length             Attributes
PROGRAM_FLASH    0x00000000         0x00080000         xr
SRAM_UPPER       0x20000000         0x00010000         xrw
SRAM_LOWER       0x1fff0000         0x00010000         xrw
*default*        0x00000000         0xffffffff

Linker script and memory map

LOAD ./startup/startup_mk22f51212.o
LOAD ./startup/system.o
LOAD ./source/utils/ftm0.o
LOAD ./source/utils/ftm3.o
LOAD ./source/utils/util.o
LOAD ./source/io/led.o
LOAD ./source/com/uart0.o
LOAD ./source/com/uart1.o
LOAD ./source/main.o
LOAD ./drivers/fsl_adc16.o
LOAD ./drivers/fsl_clock.o
LOAD ./drivers/fsl_common.o
LOAD ./drivers/fsl_common_arm.o
LOAD ./drivers/fsl_dspi.o
LOAD ./drivers/fsl_gpio.o
LOAD ./drivers/fsl_i2c.o
LOAD ./drivers/fsl_rtc.o
LOAD ./drivers/fsl_smc.o
LOAD ./drivers/fsl_uart.o
LOAD ./device/system_MK22F51212.o
LOAD ./board/board.o
LOAD ./board/clock_config.o
LOAD ./board/peripherals.o
LOAD ./board/pin_mux.o
START GROUP
LOAD C:/nxp/MCUXpressoIDE_11.10.0_3148/ide/plugins/com.nxp.mcuxpresso.tools.win32_11.10.0.202311280810/tools/bin/../lib/gcc/arm-none-eabi/13.2.1/thumb/v7e-m+fp/hard\libgcc.a
LOAD C:/nxp/MCUXpressoIDE_11.10.0_3148/ide/plugins/com.nxp.mcuxpresso.tools.win32_11.10.0.202311280810/tools/bin/../lib/gcc/arm-none-eabi/13.2.1/thumb/v7e-m+fp/hard\libc_nano.a
LOAD C:/nxp/MCUXpressoIDE_11.10.0_3148/ide/plugins/com.nxp.mcuxpresso.tools.win32_11.10.0.202311280810/tools/bin/../lib/gcc/arm-none-eabi/13.2.1/thumb/v7e-m+fp/hard\libm.a
LOAD C:/nxp/MCUXpressoIDE_11.10.0_3148/ide/plugins/com.nxp.mcuxpresso.tools.win32_11.10.0.202311280810/tools/bin/../lib/gcc/arm-none-eabi/13.2.1/../../../../arm-none-eabi/lib/thumb/v7e-m+fp/hard\libcr_newlib_nohost.a
END GROUP
                0x00000000                        __base_PROGRAM_FLASH = 0x0
                0x00000000                        __base_Flash = 0x0
                0x00080000                        __top_PROGRAM_FLASH = 0x80000
                0x00080000                        __top_Flash = 0x80000
                0x20000000                        __base_SRAM_UPPER = 0x20000000
                0x20000000                        __base_RAM = 0x20000000
                0x20010000                        __top_SRAM_UPPER = 0x20010000
                0x20010000                        __top_RAM = 0x20010000
                0x1fff0000                        __base_SRAM_LOWER = 0x1fff0000
                0x1fff0000                        __base_RAM2 = 0x1fff0000
                0x20000000                        __top_SRAM_LOWER = 0x20000000
                0x20000000                        __top_RAM2 = 0x20000000

.text           0x00000000     0x260c
 FILL mask 0xff
                0x00000000                        __vectors_start__ = ABSOLUTE (.)
 *(SORT_BY_ALIGNMENT(.isr_vector))
 .isr_vector    0x00000000      0x168 ./startup/startup_mk22f51212.o
                0x00000000                g_pfnVectors
                0x00000000                __Vectors
                0x00000168                        . = ALIGN (0x4)
                0x00000168                        __section_table_start = .
                0x00000168                        __data_section_table = .
                0x00000168        0x4 LONG 0x2614 LOADADDR (.data)
                0x0000016c        0x4 LONG 0x20000000 ADDR (.data)
                0x00000170        0x4 LONG 0x60 SIZEOF (.data)
                0x00000174        0x4 LONG 0x2614 LOADADDR (.data_RAM2)
                0x00000178        0x4 LONG 0x1fff0000 ADDR (.data_RAM2)
                0x0000017c        0x4 LONG 0x0 SIZEOF (.data_RAM2)
                0x00000180                        __data_section_table_end = .
                0x00000180                        __bss_section_table = .
                0x00000180        0x4 LONG 0x20000060 ADDR (.bss)
                0x00000184        0x4 LONG 0x9d0 SIZEOF (.bss)
                0x00000188        0x4 LONG 0x1fff0000 ADDR (.bss_RAM2)
                0x0000018c        0x4 LONG 0x0 SIZEOF (.bss_RAM2)
                0x00000190                        __bss_section_table_end = .
                0x00000190                        __section_table_end = .
 *(SORT_BY_ALIGNMENT(.after_vectors*))
 .after_vectors.reset
                0x00000190       0x50 ./startup/startup_mk22f51212.o
                0x00000190                ResetISR
 .after_vectors.init_data
                0x000001e0       0x1e ./startup/startup_mk22f51212.o
                0x000001e0                data_init
 .after_vectors.init_bss
                0x000001fe       0x12 ./startup/startup_mk22f51212.o
                0x000001fe                bss_init
 .after_vectors
                0x00000210       0x14 ./startup/startup_mk22f51212.o
                0x00000210                NMI_Handler
                0x00000214                MemManage_Handler
                0x00000216                BusFault_Handler
                0x00000218                UsageFault_Handler
                0x0000021a                SVC_Handler
                0x0000021c                DebugMon_Handler
                0x0000021e                PendSV_Handler
                0x00000220                SysTick_Handler
                0x00000222                DMA_Error_DriverIRQHandler
                0x00000222                FTM1_DriverIRQHandler
                0x00000222                FTM2_DriverIRQHandler
                0x00000222                PIT2_DriverIRQHandler
                0x00000222                Reserved82_DriverIRQHandler
                0x00000222                I2S0_Tx_DriverIRQHandler
                0x00000222                RTC_Seconds_DriverIRQHandler
                0x00000222                FTF_DriverIRQHandler
                0x00000222                DMA6_DriverIRQHandler
                0x00000222                LLWU_DriverIRQHandler
                0x00000222                MCM_DriverIRQHandler
                0x00000222                MCG_DriverIRQHandler
                0x00000222                DAC1_DriverIRQHandler
                0x00000222                LPTMR0_DriverIRQHandler
                0x00000222                CMP1_DriverIRQHandler
                0x00000222                FTM0_DriverIRQHandler
                0x00000222                IntDefaultHandler
                0x00000222                USB0_DriverIRQHandler
                0x00000222                PORTC_DriverIRQHandler
                0x00000222                DMA11_DriverIRQHandler
                0x00000222                DAC0_DriverIRQHandler
                0x00000222                DMA10_DriverIRQHandler
                0x00000222                UART2_ERR_DriverIRQHandler
                0x00000222                LVD_LVW_DriverIRQHandler
                0x00000222                Reserved84_DriverIRQHandler
                0x00000222                PIT0_DriverIRQHandler
                0x00000222                DMA12_DriverIRQHandler
                0x00000222                DMA5_DriverIRQHandler
                0x00000222                DMA4_DriverIRQHandler
                0x00000222                DMA3_DriverIRQHandler
                0x00000222                Reserved53_DriverIRQHandler
                0x00000222                DMA8_DriverIRQHandler
                0x00000222                DMA9_DriverIRQHandler
                0x00000222                UART0_ERR_DriverIRQHandler
                0x00000222                Reserved71_DriverIRQHandler
                0x00000222                ADC1_DriverIRQHandler
                0x00000222                PORTA_DriverIRQHandler
                0x00000222                DMA14_DriverIRQHandler
                0x00000222                PIT3_DriverIRQHandler
                0x00000222                PIT1_DriverIRQHandler
                0x00000222                WDOG_EWM_DriverIRQHandler
                0x00000222                PDB0_DriverIRQHandler
                0x00000222                Reserved83_DriverIRQHandler
                0x00000222                Reserved61_DriverIRQHandler
                0x00000222                RTC_DriverIRQHandler
                0x00000222                I2S0_Rx_DriverIRQHandler
                0x00000222                Read_Collision_DriverIRQHandler
                0x00000222                Reserved54_DriverIRQHandler
                0x00000222                SWI_DriverIRQHandler
                0x00000222                PORTB_DriverIRQHandler
                0x00000222                DMA0_DriverIRQHandler
                0x00000222                DMA1_DriverIRQHandler
                0x00000222                DMA13_DriverIRQHandler
                0x00000222                DMA15_DriverIRQHandler
                0x00000222                LPUART0_DriverIRQHandler
                0x00000222                Reserved85_DriverIRQHandler
                0x00000222                Reserved81_DriverIRQHandler
                0x00000222                ADC0_DriverIRQHandler
                0x00000222                CMP0_DriverIRQHandler
                0x00000222                FTM3_DriverIRQHandler
                0x00000222                RNG_DriverIRQHandler
                0x00000222                UART1_ERR_DriverIRQHandler
                0x00000222                DMA2_DriverIRQHandler
                0x00000222                PORTD_DriverIRQHandler
                0x00000222                Reserved70_DriverIRQHandler
                0x00000222                Reserved86_DriverIRQHandler
                0x00000222                PORTE_DriverIRQHandler
                0x00000222                DMA7_DriverIRQHandler
                0x00000400                        . = 0x400
 *fill*         0x00000224      0x1dc ff
                0x00000400                        PROVIDE (__FLASH_CONFIG_START__ = .)
 *(SORT_BY_ALIGNMENT(.FlashConfig))
 .FlashConfig   0x00000400       0x10 ./startup/startup_mk22f51212.o
                0x00000400                Flash_Config
                0x00000410                        PROVIDE (__FLASH_CONFIG_END__ = .)
                0x00000001                        ASSERT (! ((__FLASH_CONFIG_START__ == __FLASH_CONFIG_END__)), Linker Flash Config Support Enabled, but no .FlashConfig section provided within application)
 *(SORT_BY_ALIGNMENT(.text*))
 .text          0x00000410       0xa0 C:/nxp/MCUXpressoIDE_11.10.0_3148/ide/plugins/com.nxp.mcuxpresso.tools.win32_11.10.0.202311280810/tools/bin/../lib/gcc/arm-none-eabi/13.2.1/thumb/v7e-m+fp/hard\libc_nano.a(libc_a-memchr.o)
                0x00000410                memchr
 .text.SystemInitHook
                0x000004b0       0x48 ./startup/system.o
                0x000004b0                SystemInitHook
 .text.McuHardFault_HandlerC
                0x000004f8       0xe4 ./startup/system.o
                0x000004f8                McuHardFault_HandlerC
 .text.FTM0_IRQHandler
                0x000005dc       0x9c ./source/utils/ftm0.o
                0x000005dc                FTM0_IRQHandler
 .text.FTM3_IRQHandler
                0x00000678       0x9c ./source/utils/ftm3.o
                0x00000678                FTM3_IRQHandler
 .text.UART0_RX_TX_IRQHandler
                0x00000714       0xdc ./source/com/uart0.o
                0x00000714                UART0_RX_TX_IRQHandler
 .text.UART0_ERR_IRQHandler
                0x000007f0       0x1c ./source/com/uart0.o
                0x000007f0                UART0_ERR_IRQHandler
 .text.__NVIC_EnableIRQ
                0x0000080c       0x3c ./source/com/uart1.o
 .text.__NVIC_DisableIRQ
                0x00000848       0x48 ./source/com/uart1.o
 .text.UART1_RX_TX_IRQHandler
                0x00000890       0xdc ./source/com/uart1.o
                0x00000890                UART1_RX_TX_IRQHandler
 .text.UART1_ERR_IRQHandler
                0x0000096c       0x1c ./source/com/uart1.o
                0x0000096c                UART1_ERR_IRQHandler
 .text.uart1WriteChar
                0x00000988       0x80 ./source/com/uart1.o
                0x00000988                uart1WriteChar
 .text.uart1ReadChar
                0x00000a08       0x68 ./source/com/uart1.o
                0x00000a08                uart1ReadChar
 .text.CLOCK_SetEr32kClock
                0x00000a70       0x30 ./drivers/fsl_clock.o
 .text.CLOCK_SetPllFllSelClock
                0x00000aa0       0x38 ./drivers/fsl_clock.o
 .text.CLOCK_GetOscRangeFromFreq
                0x00000ad8       0x3c ./drivers/fsl_clock.o
 .text.CLOCK_SetSimConfig
                0x00000b14       0x34 ./drivers/fsl_clock.o
                0x00000b14                CLOCK_SetSimConfig
 .text.CLOCK_SetExternalRefClkConfig
                0x00000b48       0x6c ./drivers/fsl_clock.o
                0x00000b48                CLOCK_SetExternalRefClkConfig
 .text.CLOCK_EnablePll0
                0x00000bb4       0x98 ./drivers/fsl_clock.o
                0x00000bb4                CLOCK_EnablePll0
 .text.CLOCK_InitOsc0
                0x00000c4c       0x8c ./drivers/fsl_clock.o
                0x00000c4c                CLOCK_InitOsc0
 .text.CLOCK_SetPbeMode
                0x00000cd8       0xb8 ./drivers/fsl_clock.o
                0x00000cd8                CLOCK_SetPbeMode
 .text.CLOCK_BootToPeeMode
                0x00000d90       0x70 ./drivers/fsl_clock.o
                0x00000d90                CLOCK_BootToPeeMode
 .text.DSPI_CommonIRQHandler
                0x00000e00       0x44 ./drivers/fsl_dspi.o
 .text.SPI0_DriverIRQHandler
                0x00000e44       0x40 ./drivers/fsl_dspi.o
                0x00000e44                SPI0_DriverIRQHandler
 .text.SPI1_DriverIRQHandler
                0x00000e84       0x40 ./drivers/fsl_dspi.o
                0x00000e84                SPI1_DriverIRQHandler
 .text.I2C_TransferCommonIRQHandler
                0x00000ec4       0x58 ./drivers/fsl_i2c.o
 .text.I2C0_DriverIRQHandler
                0x00000f1c       0x1c ./drivers/fsl_i2c.o
                0x00000f1c                I2C0_DriverIRQHandler
 .text.I2C1_DriverIRQHandler
                0x00000f38       0x1c ./drivers/fsl_i2c.o
                0x00000f38                I2C1_DriverIRQHandler
 .text.UART2_DriverIRQHandler
                0x00000f54       0x28 ./drivers/fsl_uart.o
                0x00000f54                UART2_DriverIRQHandler
 .text.SystemInit
                0x00000f7c       0x3c ./device/system_MK22F51212.o
                0x00000f7c                SystemInit
 .text.CLOCK_SetSimSafeDivs
                0x00000fb8       0x24 ./board/clock_config.o
 .text.CLOCK_SetXtal0Freq
                0x00000fdc       0x20 ./board/clock_config.o
 .text.CLOCK_CONFIG_SetFllExtRefDiv
                0x00000ffc       0x3c ./board/clock_config.o
 .text.BOARD_BootClockRUN
                0x00001038       0x74 ./board/clock_config.o
                0x00001038                BOARD_BootClockRUN
 .text.__assert_func
                0x000010ac       0x3c C:/nxp/MCUXpressoIDE_11.10.0_3148/ide/plugins/com.nxp.mcuxpresso.tools.win32_11.10.0.202311280810/tools/bin/../lib/gcc/arm-none-eabi/13.2.1/thumb/v7e-m+fp/hard\libc_nano.a(libc_a-assert.o)
                0x000010ac                __assert_func
 .text.sbrk_aligned
                0x000010e8       0x44 C:/nxp/MCUXpressoIDE_11.10.0_3148/ide/plugins/com.nxp.mcuxpresso.tools.win32_11.10.0.202311280810/tools/bin/../lib/gcc/arm-none-eabi/13.2.1/thumb/v7e-m+fp/hard\libc_nano.a(libc_a-mallocr.o)
 .text._malloc_r
                0x0000112c      0x100 C:/nxp/MCUXpressoIDE_11.10.0_3148/ide/plugins/com.nxp.mcuxpresso.tools.win32_11.10.0.202311280810/tools/bin/../lib/gcc/arm-none-eabi/13.2.1/thumb/v7e-m+fp/hard\libc_nano.a(libc_a-mallocr.o)
                0x0000112c                _malloc_r
 .text.__malloc_lock
                0x0000122c        0xc C:/nxp/MCUXpressoIDE_11.10.0_3148/ide/plugins/com.nxp.mcuxpresso.tools.win32_11.10.0.202311280810/tools/bin/../lib/gcc/arm-none-eabi/13.2.1/thumb/v7e-m+fp/hard\libc_nano.a(libc_a-mlock.o)
                0x0000122c                __malloc_lock
 .text.__malloc_unlock
                0x00001238        0xc C:/nxp/MCUXpressoIDE_11.10.0_3148/ide/plugins/com.nxp.mcuxpresso.tools.win32_11.10.0.202311280810/tools/bin/../lib/gcc/arm-none-eabi/13.2.1/thumb/v7e-m+fp/hard\libc_nano.a(libc_a-mlock.o)
                0x00001238                __malloc_unlock
 .text.fprintf  0x00001244       0x24 C:/nxp/MCUXpressoIDE_11.10.0_3148/ide/plugins/com.nxp.mcuxpresso.tools.win32_11.10.0.202311280810/tools/bin/../lib/gcc/arm-none-eabi/13.2.1/thumb/v7e-m+fp/hard\libc_nano.a(libc_a-fprintf.o)
                0x00001244                fiprintf
                0x00001244                fprintf
 .text._sbrk_r  0x00001268       0x20 C:/nxp/MCUXpressoIDE_11.10.0_3148/ide/plugins/com.nxp.mcuxpresso.tools.win32_11.10.0.202311280810/tools/bin/../lib/gcc/arm-none-eabi/13.2.1/thumb/v7e-m+fp/hard\libc_nano.a(libc_a-sbrkr.o)
                0x00001268                _sbrk_r
 .text._free_r  0x00001288       0x94 C:/nxp/MCUXpressoIDE_11.10.0_3148/ide/plugins/com.nxp.mcuxpresso.tools.win32_11.10.0.202311280810/tools/bin/../lib/gcc/arm-none-eabi/13.2.1/thumb/v7e-m+fp/hard\libc_nano.a(libc_a-freer.o)
                0x00001288                _free_r
 .text._vfprintf_r
                0x0000131c      0x230 C:/nxp/MCUXpressoIDE_11.10.0_3148/ide/plugins/com.nxp.mcuxpresso.tools.win32_11.10.0.202311280810/tools/bin/../lib/gcc/arm-none-eabi/13.2.1/thumb/v7e-m+fp/hard\libc_nano.a(libc_a-nano-vfprintf.o)
                0x0000131c                _vfprintf_r
                0x0000131c                _vfiprintf_r
 .text._printf_i
                0x0000154c      0x23c C:/nxp/MCUXpressoIDE_11.10.0_3148/ide/plugins/com.nxp.mcuxpresso.tools.win32_11.10.0.202311280810/tools/bin/../lib/gcc/arm-none-eabi/13.2.1/thumb/v7e-m+fp/hard\libc_nano.a(libc_a-nano-vfprintf_i.o)
                0x0000154c                _printf_i
 .text.std      0x00001788       0x6c C:/nxp/MCUXpressoIDE_11.10.0_3148/ide/plugins/com.nxp.mcuxpresso.tools.win32_11.10.0.202311280810/tools/bin/../lib/gcc/arm-none-eabi/13.2.1/thumb/v7e-m+fp/hard\libc_nano.a(libc_a-findfp.o)
 .text.stdio_exit_handler
                0x000017f4       0x18 C:/nxp/MCUXpressoIDE_11.10.0_3148/ide/plugins/com.nxp.mcuxpresso.tools.win32_11.10.0.202311280810/tools/bin/../lib/gcc/arm-none-eabi/13.2.1/thumb/v7e-m+fp/hard\libc_nano.a(libc_a-findfp.o)
 .text.cleanup_stdio
                0x0000180c       0x40 C:/nxp/MCUXpressoIDE_11.10.0_3148/ide/plugins/com.nxp.mcuxpresso.tools.win32_11.10.0.202311280810/tools/bin/../lib/gcc/arm-none-eabi/13.2.1/thumb/v7e-m+fp/hard\libc_nano.a(libc_a-findfp.o)
 .text.global_stdio_init.part.0
                0x0000184c       0x3c C:/nxp/MCUXpressoIDE_11.10.0_3148/ide/plugins/com.nxp.mcuxpresso.tools.win32_11.10.0.202311280810/tools/bin/../lib/gcc/arm-none-eabi/13.2.1/thumb/v7e-m+fp/hard\libc_nano.a(libc_a-findfp.o)
 .text.__sfp_lock_acquire
                0x00001888        0xc C:/nxp/MCUXpressoIDE_11.10.0_3148/ide/plugins/com.nxp.mcuxpresso.tools.win32_11.10.0.202311280810/tools/bin/../lib/gcc/arm-none-eabi/13.2.1/thumb/v7e-m+fp/hard\libc_nano.a(libc_a-findfp.o)
                0x00001888                __sfp_lock_acquire
 .text.__sfp_lock_release
                0x00001894        0xc C:/nxp/MCUXpressoIDE_11.10.0_3148/ide/plugins/com.nxp.mcuxpresso.tools.win32_11.10.0.202311280810/tools/bin/../lib/gcc/arm-none-eabi/13.2.1/thumb/v7e-m+fp/hard\libc_nano.a(libc_a-findfp.o)
                0x00001894                __sfp_lock_release
 .text.__sinit  0x000018a0       0x30 C:/nxp/MCUXpressoIDE_11.10.0_3148/ide/plugins/com.nxp.mcuxpresso.tools.win32_11.10.0.202311280810/tools/bin/../lib/gcc/arm-none-eabi/13.2.1/thumb/v7e-m+fp/hard\libc_nano.a(libc_a-findfp.o)
                0x000018a0                __sinit
 .text.__swsetup_r
                0x000018d0       0xac C:/nxp/MCUXpressoIDE_11.10.0_3148/ide/plugins/com.nxp.mcuxpresso.tools.win32_11.10.0.202311280810/tools/bin/../lib/gcc/arm-none-eabi/13.2.1/thumb/v7e-m+fp/hard\libc_nano.a(libc_a-wsetup.o)
                0x000018d0                __swsetup_r
 .text.raise    0x0000197c       0x10 C:/nxp/MCUXpressoIDE_11.10.0_3148/ide/plugins/com.nxp.mcuxpresso.tools.win32_11.10.0.202311280810/tools/bin/../lib/gcc/arm-none-eabi/13.2.1/thumb/v7e-m+fp/hard\libc_nano.a(libc_a-signal.o)
                0x0000197c                raise
 .text._close_r
                0x0000198c       0x20 C:/nxp/MCUXpressoIDE_11.10.0_3148/ide/plugins/com.nxp.mcuxpresso.tools.win32_11.10.0.202311280810/tools/bin/../lib/gcc/arm-none-eabi/13.2.1/thumb/v7e-m+fp/hard\libc_nano.a(libc_a-closer.o)
                0x0000198c                _close_r
 .text._lseek_r
                0x000019ac       0x24 C:/nxp/MCUXpressoIDE_11.10.0_3148/ide/plugins/com.nxp.mcuxpresso.tools.win32_11.10.0.202311280810/tools/bin/../lib/gcc/arm-none-eabi/13.2.1/thumb/v7e-m+fp/hard\libc_nano.a(libc_a-lseekr.o)
                0x000019ac                _lseek_r
 .text._read_r  0x000019d0       0x24 C:/nxp/MCUXpressoIDE_11.10.0_3148/ide/plugins/com.nxp.mcuxpresso.tools.win32_11.10.0.202311280810/tools/bin/../lib/gcc/arm-none-eabi/13.2.1/thumb/v7e-m+fp/hard\libc_nano.a(libc_a-readr.o)
                0x000019d0                _read_r
 .text._kill_r  0x000019f4       0x24 C:/nxp/MCUXpressoIDE_11.10.0_3148/ide/plugins/com.nxp.mcuxpresso.tools.win32_11.10.0.202311280810/tools/bin/../lib/gcc/arm-none-eabi/13.2.1/thumb/v7e-m+fp/hard\libc_nano.a(libc_a-signalr.o)
                0x000019f4                _kill_r
 .text._write_r
                0x00001a18       0x24 C:/nxp/MCUXpressoIDE_11.10.0_3148/ide/plugins/com.nxp.mcuxpresso.tools.win32_11.10.0.202311280810/tools/bin/../lib/gcc/arm-none-eabi/13.2.1/thumb/v7e-m+fp/hard\libc_nano.a(libc_a-writer.o)
                0x00001a18                _write_r
 .text.__sflush_r
                0x00001a3c      0x108 C:/nxp/MCUXpressoIDE_11.10.0_3148/ide/plugins/com.nxp.mcuxpresso.tools.win32_11.10.0.202311280810/tools/bin/../lib/gcc/arm-none-eabi/13.2.1/thumb/v7e-m+fp/hard\libc_nano.a(libc_a-fflush.o)
                0x00001a3c                __sflush_r
 .text._fstat_r
                0x00001b44       0x24 C:/nxp/MCUXpressoIDE_11.10.0_3148/ide/plugins/com.nxp.mcuxpresso.tools.win32_11.10.0.202311280810/tools/bin/../lib/gcc/arm-none-eabi/13.2.1/thumb/v7e-m+fp/hard\libc_nano.a(libc_a-fstatr.o)
                0x00001b44                _fstat_r
 .text._isatty_r
                0x00001b68       0x20 C:/nxp/MCUXpressoIDE_11.10.0_3148/ide/plugins/com.nxp.mcuxpresso.tools.win32_11.10.0.202311280810/tools/bin/../lib/gcc/arm-none-eabi/13.2.1/thumb/v7e-m+fp/hard\libc_nano.a(libc_a-isattyr.o)
                0x00001b68                _isatty_r
 .text._sbrk    0x00001b88       0x3c C:/nxp/MCUXpressoIDE_11.10.0_3148/ide/plugins/com.nxp.mcuxpresso.tools.win32_11.10.0.202311280810/tools/bin/../lib/gcc/arm-none-eabi/13.2.1/../../../../arm-none-eabi/lib/thumb/v7e-m+fp/hard\libcr_newlib_nohost.a(_cr_sbrk.o)
                0x00001b88                _sbrk
 .text._close   0x00001bc4       0x10 C:/nxp/MCUXpressoIDE_11.10.0_3148/ide/plugins/com.nxp.mcuxpresso.tools.win32_11.10.0.202311280810/tools/bin/../lib/gcc/arm-none-eabi/13.2.1/../../../../arm-none-eabi/lib/thumb/v7e-m+fp/hard\libcr_newlib_nohost.a(close.o)
                0x00001bc4                _close
 .text._fstat   0x00001bd4       0x10 C:/nxp/MCUXpressoIDE_11.10.0_3148/ide/plugins/com.nxp.mcuxpresso.tools.win32_11.10.0.202311280810/tools/bin/../lib/gcc/arm-none-eabi/13.2.1/../../../../arm-none-eabi/lib/thumb/v7e-m+fp/hard\libcr_newlib_nohost.a(fstat.o)
                0x00001bd4                _fstat
 .text._getpid  0x00001be4       0x10 C:/nxp/MCUXpressoIDE_11.10.0_3148/ide/plugins/com.nxp.mcuxpresso.tools.win32_11.10.0.202311280810/tools/bin/../lib/gcc/arm-none-eabi/13.2.1/../../../../arm-none-eabi/lib/thumb/v7e-m+fp/hard\libcr_newlib_nohost.a(getpid.o)
                0x00001be4                _getpid
 .text._isatty  0x00001bf4       0x10 C:/nxp/MCUXpressoIDE_11.10.0_3148/ide/plugins/com.nxp.mcuxpresso.tools.win32_11.10.0.202311280810/tools/bin/../lib/gcc/arm-none-eabi/13.2.1/../../../../arm-none-eabi/lib/thumb/v7e-m+fp/hard\libcr_newlib_nohost.a(isatty.o)
                0x00001bf4                _isatty
 .text._kill    0x00001c04       0x10 C:/nxp/MCUXpressoIDE_11.10.0_3148/ide/plugins/com.nxp.mcuxpresso.tools.win32_11.10.0.202311280810/tools/bin/../lib/gcc/arm-none-eabi/13.2.1/../../../../arm-none-eabi/lib/thumb/v7e-m+fp/hard\libcr_newlib_nohost.a(kill.o)
                0x00001c04                _kill
 .text._lseek   0x00001c14       0x10 C:/nxp/MCUXpressoIDE_11.10.0_3148/ide/plugins/com.nxp.mcuxpresso.tools.win32_11.10.0.202311280810/tools/bin/../lib/gcc/arm-none-eabi/13.2.1/../../../../arm-none-eabi/lib/thumb/v7e-m+fp/hard\libcr_newlib_nohost.a(lseek.o)
                0x00001c14                _lseek
 .text.__check_heap_overflow
                0x00001c24       0x18 C:/nxp/MCUXpressoIDE_11.10.0_3148/ide/plugins/com.nxp.mcuxpresso.tools.win32_11.10.0.202311280810/tools/bin/../lib/gcc/arm-none-eabi/13.2.1/../../../../arm-none-eabi/lib/thumb/v7e-m+fp/hard\libcr_newlib_nohost.a(_cr_check_heap.o)
                0x00001c24                __check_heap_overflow
 .text.__errno  0x00001c3c        0xc C:/nxp/MCUXpressoIDE_11.10.0_3148/ide/plugins/com.nxp.mcuxpresso.tools.win32_11.10.0.202311280810/tools/bin/../lib/gcc/arm-none-eabi/13.2.1/thumb/v7e-m+fp/hard\libc_nano.a(libc_a-errno.o)
                0x00001c3c                __errno
 .text.DMA0_IRQHandler
                0x00001c48        0x8 ./startup/startup_mk22f51212.o
                0x00001c48                DMA0_IRQHandler
 .text.DMA1_IRQHandler
                0x00001c50        0x8 ./startup/startup_mk22f51212.o
                0x00001c50                DMA1_IRQHandler
 .text.DMA2_IRQHandler
                0x00001c58        0x8 ./startup/startup_mk22f51212.o
                0x00001c58                DMA2_IRQHandler
 .text.DMA3_IRQHandler
                0x00001c60        0x8 ./startup/startup_mk22f51212.o
                0x00001c60                DMA3_IRQHandler
 .text.DMA4_IRQHandler
                0x00001c68        0x8 ./startup/startup_mk22f51212.o
                0x00001c68                DMA4_IRQHandler
 .text.DMA5_IRQHandler
                0x00001c70        0x8 ./startup/startup_mk22f51212.o
                0x00001c70                DMA5_IRQHandler
 .text.DMA6_IRQHandler
                0x00001c78        0x8 ./startup/startup_mk22f51212.o
                0x00001c78                DMA6_IRQHandler
 .text.DMA7_IRQHandler
                0x00001c80        0x8 ./startup/startup_mk22f51212.o
                0x00001c80                DMA7_IRQHandler
 .text.DMA8_IRQHandler
                0x00001c88        0x8 ./startup/startup_mk22f51212.o
                0x00001c88                DMA8_IRQHandler
 .text.DMA9_IRQHandler
                0x00001c90        0x8 ./startup/startup_mk22f51212.o
                0x00001c90                DMA9_IRQHandler
 .text.DMA10_IRQHandler
                0x00001c98        0x8 ./startup/startup_mk22f51212.o
                0x00001c98                DMA10_IRQHandler
 .text.DMA11_IRQHandler
                0x00001ca0        0x8 ./startup/startup_mk22f51212.o
                0x00001ca0                DMA11_IRQHandler
 .text.DMA12_IRQHandler
                0x00001ca8        0x8 ./startup/startup_mk22f51212.o
                0x00001ca8                DMA12_IRQHandler
 .text.DMA13_IRQHandler
                0x00001cb0        0x8 ./startup/startup_mk22f51212.o
                0x00001cb0                DMA13_IRQHandler
 .text.DMA14_IRQHandler
                0x00001cb8        0x8 ./startup/startup_mk22f51212.o
                0x00001cb8                DMA14_IRQHandler
 .text.DMA15_IRQHandler
                0x00001cc0        0x8 ./startup/startup_mk22f51212.o
                0x00001cc0                DMA15_IRQHandler
 .text.DMA_Error_IRQHandler
                0x00001cc8        0x8 ./startup/startup_mk22f51212.o
                0x00001cc8                DMA_Error_IRQHandler
 .text.MCM_IRQHandler
                0x00001cd0        0x8 ./startup/startup_mk22f51212.o
                0x00001cd0                MCM_IRQHandler
 .text.FTF_IRQHandler
                0x00001cd8        0x8 ./startup/startup_mk22f51212.o
                0x00001cd8                FTF_IRQHandler
 .text.Read_Collision_IRQHandler
                0x00001ce0        0x8 ./startup/startup_mk22f51212.o
                0x00001ce0                Read_Collision_IRQHandler
 .text.LVD_LVW_IRQHandler
                0x00001ce8        0x8 ./startup/startup_mk22f51212.o
                0x00001ce8                LVD_LVW_IRQHandler
 .text.LLWU_IRQHandler
                0x00001cf0        0x8 ./startup/startup_mk22f51212.o
                0x00001cf0                LLWU_IRQHandler
 .text.WDOG_EWM_IRQHandler
                0x00001cf8        0x8 ./startup/startup_mk22f51212.o
                0x00001cf8                WDOG_EWM_IRQHandler
 .text.RNG_IRQHandler
                0x00001d00        0x8 ./startup/startup_mk22f51212.o
                0x00001d00                RNG_IRQHandler
 .text.I2C0_IRQHandler
                0x00001d08        0x8 ./startup/startup_mk22f51212.o
                0x00001d08                I2C0_IRQHandler
 .text.I2C1_IRQHandler
                0x00001d10        0x8 ./startup/startup_mk22f51212.o
                0x00001d10                I2C1_IRQHandler
 .text.SPI0_IRQHandler
                0x00001d18        0x8 ./startup/startup_mk22f51212.o
                0x00001d18                SPI0_IRQHandler
 .text.SPI1_IRQHandler
                0x00001d20        0x8 ./startup/startup_mk22f51212.o
                0x00001d20                SPI1_IRQHandler
 .text.I2S0_Tx_IRQHandler
                0x00001d28        0x8 ./startup/startup_mk22f51212.o
                0x00001d28                I2S0_Tx_IRQHandler
 .text.I2S0_Rx_IRQHandler
                0x00001d30        0x8 ./startup/startup_mk22f51212.o
                0x00001d30                I2S0_Rx_IRQHandler
 .text.LPUART0_IRQHandler
                0x00001d38        0x8 ./startup/startup_mk22f51212.o
                0x00001d38                LPUART0_IRQHandler
 .text.UART2_RX_TX_IRQHandler
                0x00001d40        0x8 ./startup/startup_mk22f51212.o
                0x00001d40                UART2_RX_TX_IRQHandler
 .text.UART2_ERR_IRQHandler
                0x00001d48        0x8 ./startup/startup_mk22f51212.o
                0x00001d48                UART2_ERR_IRQHandler
 .text.Reserved53_IRQHandler
                0x00001d50        0x8 ./startup/startup_mk22f51212.o
                0x00001d50                Reserved53_IRQHandler
 .text.Reserved54_IRQHandler
                0x00001d58        0x8 ./startup/startup_mk22f51212.o
                0x00001d58                Reserved54_IRQHandler
 .text.ADC0_IRQHandler
                0x00001d60        0x8 ./startup/startup_mk22f51212.o
                0x00001d60                ADC0_IRQHandler
 .text.CMP0_IRQHandler
                0x00001d68        0x8 ./startup/startup_mk22f51212.o
                0x00001d68                CMP0_IRQHandler
 .text.CMP1_IRQHandler
                0x00001d70        0x8 ./startup/startup_mk22f51212.o
                0x00001d70                CMP1_IRQHandler
 .text.FTM1_IRQHandler
                0x00001d78        0x8 ./startup/startup_mk22f51212.o
                0x00001d78                FTM1_IRQHandler
 .text.FTM2_IRQHandler
                0x00001d80        0x8 ./startup/startup_mk22f51212.o
                0x00001d80                FTM2_IRQHandler
 .text.Reserved61_IRQHandler
                0x00001d88        0x8 ./startup/startup_mk22f51212.o
                0x00001d88                Reserved61_IRQHandler
 .text.RTC_IRQHandler
                0x00001d90        0x8 ./startup/startup_mk22f51212.o
                0x00001d90                RTC_IRQHandler
 .text.RTC_Seconds_IRQHandler
                0x00001d98        0x8 ./startup/startup_mk22f51212.o
                0x00001d98                RTC_Seconds_IRQHandler
 .text.PIT0_IRQHandler
                0x00001da0        0x8 ./startup/startup_mk22f51212.o
                0x00001da0                PIT0_IRQHandler
 .text.PIT1_IRQHandler
                0x00001da8        0x8 ./startup/startup_mk22f51212.o
                0x00001da8                PIT1_IRQHandler
 .text.PIT2_IRQHandler
                0x00001db0        0x8 ./startup/startup_mk22f51212.o
                0x00001db0                PIT2_IRQHandler
 .text.PIT3_IRQHandler
                0x00001db8        0x8 ./startup/startup_mk22f51212.o
                0x00001db8                PIT3_IRQHandler
 .text.PDB0_IRQHandler
                0x00001dc0        0x8 ./startup/startup_mk22f51212.o
                0x00001dc0                PDB0_IRQHandler
 .text.USB0_IRQHandler
                0x00001dc8        0x8 ./startup/startup_mk22f51212.o
                0x00001dc8                USB0_IRQHandler
 .text.Reserved70_IRQHandler
                0x00001dd0        0x8 ./startup/startup_mk22f51212.o
                0x00001dd0                Reserved70_IRQHandler
 .text.Reserved71_IRQHandler
                0x00001dd8        0x8 ./startup/startup_mk22f51212.o
                0x00001dd8                Reserved71_IRQHandler
 .text.DAC0_IRQHandler
                0x00001de0        0x8 ./startup/startup_mk22f51212.o
                0x00001de0                DAC0_IRQHandler
 .text.MCG_IRQHandler
                0x00001de8        0x8 ./startup/startup_mk22f51212.o
                0x00001de8                MCG_IRQHandler
 .text.LPTMR0_IRQHandler
                0x00001df0        0x8 ./startup/startup_mk22f51212.o
                0x00001df0                LPTMR0_IRQHandler
 .text.PORTA_IRQHandler
                0x00001df8        0x8 ./startup/startup_mk22f51212.o
                0x00001df8                PORTA_IRQHandler
 .text.PORTB_IRQHandler
                0x00001e00        0x8 ./startup/startup_mk22f51212.o
                0x00001e00                PORTB_IRQHandler
 .text.PORTC_IRQHandler
                0x00001e08        0x8 ./startup/startup_mk22f51212.o
                0x00001e08                PORTC_IRQHandler
 .text.PORTD_IRQHandler
                0x00001e10        0x8 ./startup/startup_mk22f51212.o
                0x00001e10                PORTD_IRQHandler
 .text.PORTE_IRQHandler
                0x00001e18        0x8 ./startup/startup_mk22f51212.o
                0x00001e18                PORTE_IRQHandler
 .text.SWI_IRQHandler
                0x00001e20        0x8 ./startup/startup_mk22f51212.o
                0x00001e20                SWI_IRQHandler
 .text.Reserved81_IRQHandler
                0x00001e28        0x8 ./startup/startup_mk22f51212.o
                0x00001e28                Reserved81_IRQHandler
 .text.Reserved82_IRQHandler
                0x00001e30        0x8 ./startup/startup_mk22f51212.o
                0x00001e30                Reserved82_IRQHandler
 .text.Reserved83_IRQHandler
                0x00001e38        0x8 ./startup/startup_mk22f51212.o
                0x00001e38                Reserved83_IRQHandler
 .text.Reserved84_IRQHandler
                0x00001e40        0x8 ./startup/startup_mk22f51212.o
                0x00001e40                Reserved84_IRQHandler
 .text.Reserved85_IRQHandler
                0x00001e48        0x8 ./startup/startup_mk22f51212.o
                0x00001e48                Reserved85_IRQHandler
 .text.Reserved86_IRQHandler
                0x00001e50        0x8 ./startup/startup_mk22f51212.o
                0x00001e50                Reserved86_IRQHandler
 .text.DAC1_IRQHandler
                0x00001e58        0x8 ./startup/startup_mk22f51212.o
                0x00001e58                DAC1_IRQHandler
 .text.ADC1_IRQHandler
                0x00001e60        0x8 ./startup/startup_mk22f51212.o
                0x00001e60                ADC1_IRQHandler
 .text.systemPostInit
                0x00001e68       0x14 ./startup/system.o
                0x00001e68                systemPostInit
 .text.HardFault_Handler
                0x00001e7c       0x1a ./startup/system.o
                0x00001e7c                HardFault_Handler
 .text.Default_Handler_FTM0
                0x00001e96       0x10 ./source/utils/ftm0.o
                0x00001e96                FTM0CH5_IRQHandler
                0x00001e96                FTM0CH7_IRQHandler
                0x00001e96                FTM0CH1_IRQHandler
                0x00001e96                FTM0CH0_IRQHandler
                0x00001e96                Default_Handler_FTM0
                0x00001e96                FTM0CH4_IRQHandler
                0x00001e96                FTM0CH6_IRQHandler
                0x00001e96                FTM0TOF_IRQHandler
                0x00001e96                FTM0CH2_IRQHandler
                0x00001e96                FTM0CH3_IRQHandler
 .text.Default_Handler_FTM3
                0x00001ea6       0x10 ./source/utils/ftm3.o
                0x00001ea6                FTM3CH6_IRQHandler
                0x00001ea6                FTM3CH7_IRQHandler
                0x00001ea6                FTM3CH0_IRQHandler
                0x00001ea6                FTM3TOF_IRQHandler
                0x00001ea6                FTM3CH3_IRQHandler
                0x00001ea6                Default_Handler_FTM3
                0x00001ea6                FTM3CH4_IRQHandler
                0x00001ea6                FTM3CH2_IRQHandler
                0x00001ea6                FTM3CH5_IRQHandler
                0x00001ea6                FTM3CH1_IRQHandler
 .text.NVIC_DisableIRQEx
                0x00001eb6       0x24 ./source/com/uart1.o
 .text._write   0x00001eda       0x34 ./source/com/uart1.o
                0x00001eda                _write
 .text._read    0x00001f0e       0x22 ./source/com/uart1.o
                0x00001f0e                _read
 .text.main     0x00001f30       0x10 ./source/main.o
                0x00001f30                main
 .text.OSC_SetExtRefClkConfig
                0x00001f40       0x40 ./drivers/fsl_clock.o
 .text.OSC_SetCapLoad
                0x00001f80       0x34 ./drivers/fsl_clock.o
 .text.DSPI_IsMaster
                0x00001fb4       0x26 ./drivers/fsl_dspi.o
 .text.SMC_SetPowerModeHsrun
                0x00001fda       0x32 ./drivers/fsl_smc.o
                0x00001fda                SMC_SetPowerModeHsrun
 .text.UART2_RX_TX_DriverIRQHandler
                0x0000200c       0x12 ./drivers/fsl_uart.o
                0x0000200c                UART2_RX_TX_DriverIRQHandler
 .text.SMC_SetPowerModeProtection
                0x0000201e       0x1e ./board/clock_config.o
 .text.SMC_GetPowerModeState
                0x0000203c       0x1a ./board/clock_config.o
 .text.BOARD_InitBootClocks
                0x00002056        0xc ./board/clock_config.o
                0x00002056                BOARD_InitBootClocks
 .text.BOARD_InitBootPeripherals
                0x00002062        0xe ./board/peripherals.o
                0x00002062                BOARD_InitBootPeripherals
 .text.BOARD_InitBootPins
                0x00002070        0xe ./board/pin_mux.o
                0x00002070                BOARD_InitBootPins
 .text.memset   0x0000207e       0x10 C:/nxp/MCUXpressoIDE_11.10.0_3148/ide/plugins/com.nxp.mcuxpresso.tools.win32_11.10.0.202311280810/tools/bin/../lib/gcc/arm-none-eabi/13.2.1/thumb/v7e-m+fp/hard\libc_nano.a(libc_a-memset.o)
                0x0000207e                memset
 .text.__retarget_lock_init_recursive
                0x0000208e        0x2 C:/nxp/MCUXpressoIDE_11.10.0_3148/ide/plugins/com.nxp.mcuxpresso.tools.win32_11.10.0.202311280810/tools/bin/../lib/gcc/arm-none-eabi/13.2.1/thumb/v7e-m+fp/hard\libc_nano.a(libc_a-lock.o)
                0x0000208e                __retarget_lock_init_recursive
 .text.__retarget_lock_acquire_recursive
                0x00002090        0x2 C:/nxp/MCUXpressoIDE_11.10.0_3148/ide/plugins/com.nxp.mcuxpresso.tools.win32_11.10.0.202311280810/tools/bin/../lib/gcc/arm-none-eabi/13.2.1/thumb/v7e-m+fp/hard\libc_nano.a(libc_a-lock.o)
                0x00002090                __retarget_lock_acquire_recursive
 .text.__retarget_lock_release_recursive
                0x00002092        0x2 C:/nxp/MCUXpressoIDE_11.10.0_3148/ide/plugins/com.nxp.mcuxpresso.tools.win32_11.10.0.202311280810/tools/bin/../lib/gcc/arm-none-eabi/13.2.1/thumb/v7e-m+fp/hard\libc_nano.a(libc_a-lock.o)
                0x00002092                __retarget_lock_release_recursive
 .text.abort    0x00002094        0xe C:/nxp/MCUXpressoIDE_11.10.0_3148/ide/plugins/com.nxp.mcuxpresso.tools.win32_11.10.0.202311280810/tools/bin/../lib/gcc/arm-none-eabi/13.2.1/thumb/v7e-m+fp/hard\libc_nano.a(libc_a-abort.o)
                0x00002094                abort
 .text.__sfputc_r
                0x000020a2       0x2e C:/nxp/MCUXpressoIDE_11.10.0_3148/ide/plugins/com.nxp.mcuxpresso.tools.win32_11.10.0.202311280810/tools/bin/../lib/gcc/arm-none-eabi/13.2.1/thumb/v7e-m+fp/hard\libc_nano.a(libc_a-nano-vfprintf.o)
 .text.__sfputs_r
                0x000020d0       0x24 C:/nxp/MCUXpressoIDE_11.10.0_3148/ide/plugins/com.nxp.mcuxpresso.tools.win32_11.10.0.202311280810/tools/bin/../lib/gcc/arm-none-eabi/13.2.1/thumb/v7e-m+fp/hard\libc_nano.a(libc_a-nano-vfprintf.o)
                0x000020d0                __sfputs_r
 .text._printf_common
                0x000020f4       0xda C:/nxp/MCUXpressoIDE_11.10.0_3148/ide/plugins/com.nxp.mcuxpresso.tools.win32_11.10.0.202311280810/tools/bin/../lib/gcc/arm-none-eabi/13.2.1/thumb/v7e-m+fp/hard\libc_nano.a(libc_a-nano-vfprintf_i.o)
                0x000020f4                _printf_common
 .text._fwalk_sglue
                0x000021ce       0x3c C:/nxp/MCUXpressoIDE_11.10.0_3148/ide/plugins/com.nxp.mcuxpresso.tools.win32_11.10.0.202311280810/tools/bin/../lib/gcc/arm-none-eabi/13.2.1/thumb/v7e-m+fp/hard\libc_nano.a(libc_a-fwalk.o)
                0x000021ce                _fwalk_sglue
 .text.__sread  0x0000220a       0x22 C:/nxp/MCUXpressoIDE_11.10.0_3148/ide/plugins/com.nxp.mcuxpresso.tools.win32_11.10.0.202311280810/tools/bin/../lib/gcc/arm-none-eabi/13.2.1/thumb/v7e-m+fp/hard\libc_nano.a(libc_a-stdio.o)
                0x0000220a                __sread
 .text.__swrite
                0x0000222c       0x38 C:/nxp/MCUXpressoIDE_11.10.0_3148/ide/plugins/com.nxp.mcuxpresso.tools.win32_11.10.0.202311280810/tools/bin/../lib/gcc/arm-none-eabi/13.2.1/thumb/v7e-m+fp/hard\libc_nano.a(libc_a-stdio.o)
                0x0000222c                __swrite
 .text.__sseek  0x00002264       0x24 C:/nxp/MCUXpressoIDE_11.10.0_3148/ide/plugins/com.nxp.mcuxpresso.tools.win32_11.10.0.202311280810/tools/bin/../lib/gcc/arm-none-eabi/13.2.1/thumb/v7e-m+fp/hard\libc_nano.a(libc_a-stdio.o)
                0x00002264                __sseek
 .text.__sclose
                0x00002288        0x8 C:/nxp/MCUXpressoIDE_11.10.0_3148/ide/plugins/com.nxp.mcuxpresso.tools.win32_11.10.0.202311280810/tools/bin/../lib/gcc/arm-none-eabi/13.2.1/thumb/v7e-m+fp/hard\libc_nano.a(libc_a-stdio.o)
                0x00002288                __sclose
 .text.__swbuf_r
                0x00002290       0x7c C:/nxp/MCUXpressoIDE_11.10.0_3148/ide/plugins/com.nxp.mcuxpresso.tools.win32_11.10.0.202311280810/tools/bin/../lib/gcc/arm-none-eabi/13.2.1/thumb/v7e-m+fp/hard\libc_nano.a(libc_a-wbuf.o)
                0x00002290                __swbuf_r
 .text._raise_r
                0x0000230c       0x50 C:/nxp/MCUXpressoIDE_11.10.0_3148/ide/plugins/com.nxp.mcuxpresso.tools.win32_11.10.0.202311280810/tools/bin/../lib/gcc/arm-none-eabi/13.2.1/thumb/v7e-m+fp/hard\libc_nano.a(libc_a-signal.o)
                0x0000230c                _raise_r
 .text._getpid_r
                0x0000235c        0x4 C:/nxp/MCUXpressoIDE_11.10.0_3148/ide/plugins/com.nxp.mcuxpresso.tools.win32_11.10.0.202311280810/tools/bin/../lib/gcc/arm-none-eabi/13.2.1/thumb/v7e-m+fp/hard\libc_nano.a(libc_a-signalr.o)
                0x0000235c                _getpid_r
 .text._fflush_r
                0x00002360       0x50 C:/nxp/MCUXpressoIDE_11.10.0_3148/ide/plugins/com.nxp.mcuxpresso.tools.win32_11.10.0.202311280810/tools/bin/../lib/gcc/arm-none-eabi/13.2.1/thumb/v7e-m+fp/hard\libc_nano.a(libc_a-fflush.o)
                0x00002360                _fflush_r
 .text.__swhatbuf_r
                0x000023b0       0x4c C:/nxp/MCUXpressoIDE_11.10.0_3148/ide/plugins/com.nxp.mcuxpresso.tools.win32_11.10.0.202311280810/tools/bin/../lib/gcc/arm-none-eabi/13.2.1/thumb/v7e-m+fp/hard\libc_nano.a(libc_a-makebuf.o)
                0x000023b0                __swhatbuf_r
 .text.__smakebuf_r
                0x000023fc       0x78 C:/nxp/MCUXpressoIDE_11.10.0_3148/ide/plugins/com.nxp.mcuxpresso.tools.win32_11.10.0.202311280810/tools/bin/../lib/gcc/arm-none-eabi/13.2.1/thumb/v7e-m+fp/hard\libc_nano.a(libc_a-makebuf.o)
                0x000023fc                __smakebuf_r
 .text._exit    0x00002474        0x2 C:/nxp/MCUXpressoIDE_11.10.0_3148/ide/plugins/com.nxp.mcuxpresso.tools.win32_11.10.0.202311280810/tools/bin/../lib/gcc/arm-none-eabi/13.2.1/../../../../arm-none-eabi/lib/thumb/v7e-m+fp/hard\libcr_newlib_nohost.a(_exit.o)
                0x00002474                _exit
 *(SORT_BY_ALIGNMENT(.rodata) SORT_BY_ALIGNMENT(.rodata.*) SORT_BY_ALIGNMENT(.constdata) SORT_BY_ALIGNMENT(.constdata.*))
 *fill*         0x00002476        0x2 ff
 .rodata.CLOCK_GetMcgExtClkFreq.str1.4
                0x00002478       0x9c ./drivers/fsl_clock.o
                                 0x33 (size before relaxing)
 .rodata.CLOCK_EnablePll0.str1.4
                0x00002514        0x7 ./drivers/fsl_clock.o
 .rodata.__func__.4
                0x00002514       0x11 ./drivers/fsl_clock.o
 *fill*         0x00002525        0x3 ff
 .rodata.__func__.2
                0x00002528       0x11 ./drivers/fsl_clock.o
 *fill*         0x00002539        0x3 ff
 .rodata.__func__.1
                0x0000253c       0x14 ./drivers/fsl_clock.o
 .rodata.DSPI_GetInstance.str1.4
                0x00002550       0x2f ./drivers/fsl_dspi.o
 .rodata.SPI0_DriverIRQHandler.str1.4
                0x00002550       0x18 ./drivers/fsl_dspi.o
 .rodata.SPI1_DriverIRQHandler.str1.4
                0x00002550       0x18 ./drivers/fsl_dspi.o
 .rodata.__func__.1
                0x00002550       0x16 ./drivers/fsl_dspi.o
 *fill*         0x00002566        0x2 ff
 .rodata.__func__.0
                0x00002568       0x16 ./drivers/fsl_dspi.o
 *fill*         0x0000257e        0x2 ff
 .rodata.mcgConfig_BOARD_BootClockRUN
                0x00002580        0xb ./board/clock_config.o
                0x00002580                mcgConfig_BOARD_BootClockRUN
 *fill*         0x0000258b        0x1 ff
 .rodata.simConfig_BOARD_BootClockRUN
                0x0000258c        0x8 ./board/clock_config.o
                0x0000258c                simConfig_BOARD_BootClockRUN
 .rodata.oscConfig_BOARD_BootClockRUN
                0x00002594        0x8 ./board/clock_config.o
                0x00002594                oscConfig_BOARD_BootClockRUN
 .rodata.__assert_func.str1.1
                0x0000259c       0x6f C:/nxp/MCUXpressoIDE_11.10.0_3148/ide/plugins/com.nxp.mcuxpresso.tools.win32_11.10.0.202311280810/tools/bin/../lib/gcc/arm-none-eabi/13.2.1/thumb/v7e-m+fp/hard\libc_nano.a(libc_a-assert.o)
                                 0x3d (size before relaxing)
 .rodata._vfprintf_r.str1.1
                0x0000260b       0x11 C:/nxp/MCUXpressoIDE_11.10.0_3148/ide/plugins/com.nxp.mcuxpresso.tools.win32_11.10.0.202311280810/tools/bin/../lib/gcc/arm-none-eabi/13.2.1/thumb/v7e-m+fp/hard\libc_nano.a(libc_a-nano-vfprintf.o)
 .rodata._printf_i.str1.1
                0x0000260b       0x22 C:/nxp/MCUXpressoIDE_11.10.0_3148/ide/plugins/com.nxp.mcuxpresso.tools.win32_11.10.0.202311280810/tools/bin/../lib/gcc/arm-none-eabi/13.2.1/thumb/v7e-m+fp/hard\libc_nano.a(libc_a-nano-vfprintf_i.o)
                0x00002630                        . = ALIGN (0x4)
 *fill*         0x0000260b        0x1 ff

.glue_7         0x0000260c        0x0
 .glue_7        0x0000260c        0x0 linker stubs

.glue_7t        0x0000260c        0x0
 .glue_7t       0x0000260c        0x0 linker stubs

.vfp11_veneer   0x0000260c        0x0
 .vfp11_veneer  0x0000260c        0x0 linker stubs

.v4_bx          0x0000260c        0x0
 .v4_bx         0x0000260c        0x0 linker stubs

.iplt           0x0000260c        0x0
 .iplt          0x0000260c        0x0 ./startup/startup_mk22f51212.o

.ARM.extab
 *(SORT_BY_ALIGNMENT(.ARM.extab*) SORT_BY_ALIGNMENT(.gnu.linkonce.armextab.*))

.ARM.exidx      0x0000260c        0x8
                0x0000260c                        __exidx_start = .
 *(SORT_BY_ALIGNMENT(.ARM.exidx*) SORT_BY_ALIGNMENT(.gnu.linkonce.armexidx.*))
 .ARM.exidx     0x0000260c        0x8 C:/nxp/MCUXpressoIDE_11.10.0_3148/ide/plugins/com.nxp.mcuxpresso.tools.win32_11.10.0.202311280810/tools/bin/../lib/gcc/arm-none-eabi/13.2.1/thumb/v7e-m+fp/hard\libc_nano.a(libc_a-memchr.o)
                0x00002614                        __exidx_end = .
                0x00002614                        _etext = .

.rel.dyn        0x00002614        0x0
 .rel.iplt      0x00002614        0x0 ./startup/startup_mk22f51212.o

.data_RAM2      0x1fff0000        0x0 load address 0x00002614
 FILL mask 0xff
                [!provide]                        PROVIDE (__start_data_RAM2 = .)
                [!provide]                        PROVIDE (__start_data_SRAM_LOWER = .)
 *(SORT_BY_ALIGNMENT(.ramfunc.$RAM2))
 *(SORT_BY_ALIGNMENT(.ramfunc.$SRAM_LOWER))
 *(SORT_BY_ALIGNMENT(.data.$RAM2))
 *(SORT_BY_ALIGNMENT(.data.$SRAM_LOWER))
 *(SORT_BY_ALIGNMENT(.data.$RAM2.*))
 *(SORT_BY_ALIGNMENT(.data.$SRAM_LOWER.*))
                0x1fff0000                        . = ALIGN (0x4)
                [!provide]                        PROVIDE (__end_data_RAM2 = .)
                [!provide]                        PROVIDE (__end_data_SRAM_LOWER = .)

.uninit_RESERVED
                0x20000000        0x0
                0x20000000                        _start_uninit_RESERVED = .
 *(SORT_BY_ALIGNMENT(.bss.$RESERVED*))
                0x20000000                        . = ALIGN (0x4)
                0x20000000                        _end_uninit_RESERVED = .

.data           0x20000000       0x60 load address 0x00002614
 FILL mask 0xff
                0x20000000                        _data = .
                [!provide]                        PROVIDE (__start_data_RAM = .)
                [!provide]                        PROVIDE (__start_data_SRAM_UPPER = .)
 *(SORT_BY_ALIGNMENT(vtable))
 *(SORT_BY_ALIGNMENT(.ramfunc*))
 *(SORT_BY_ALIGNMENT(CodeQuickAccess))
 *(SORT_BY_ALIGNMENT(DataQuickAccess))
 *(SORT_BY_ALIGNMENT(RamFunction))
 *(SORT_BY_ALIGNMENT(.data*))
 .data.SystemCoreClock
                0x20000000        0x4 ./device/system_MK22F51212.o
                0x20000000                SystemCoreClock
 .data._impure_ptr
                0x20000004        0x4 C:/nxp/MCUXpressoIDE_11.10.0_3148/ide/plugins/com.nxp.mcuxpresso.tools.win32_11.10.0.202311280810/tools/bin/../lib/gcc/arm-none-eabi/13.2.1/thumb/v7e-m+fp/hard\libc_nano.a(libc_a-impure.o)
                0x20000004                _impure_ptr
 .data._impure_data
                0x20000008       0x4c C:/nxp/MCUXpressoIDE_11.10.0_3148/ide/plugins/com.nxp.mcuxpresso.tools.win32_11.10.0.202311280810/tools/bin/../lib/gcc/arm-none-eabi/13.2.1/thumb/v7e-m+fp/hard\libc_nano.a(libc_a-impure.o)
                0x20000008                _impure_data
 .data.__sglue  0x20000054        0xc C:/nxp/MCUXpressoIDE_11.10.0_3148/ide/plugins/com.nxp.mcuxpresso.tools.win32_11.10.0.202311280810/tools/bin/../lib/gcc/arm-none-eabi/13.2.1/thumb/v7e-m+fp/hard\libc_nano.a(libc_a-findfp.o)
                0x20000054                __sglue
                0x20000060                        . = ALIGN (0x4)
                0x20000060                        _edata = .
                [!provide]                        PROVIDE (__end_data_RAM = .)
                [!provide]                        PROVIDE (__end_data_SRAM_UPPER = .)

.igot.plt       0x20000060        0x0 load address 0x00002674
 .igot.plt      0x20000060        0x0 ./startup/startup_mk22f51212.o

.bss_RAM2       0x1fff0000        0x0
                [!provide]                        PROVIDE (__start_bss_RAM2 = .)
                [!provide]                        PROVIDE (__start_bss_SRAM_LOWER = .)
 *(SORT_BY_ALIGNMENT(.bss.$RAM2))
 *(SORT_BY_ALIGNMENT(.bss.$SRAM_LOWER))
 *(SORT_BY_ALIGNMENT(.bss.$RAM2.*))
 *(SORT_BY_ALIGNMENT(.bss.$SRAM_LOWER.*))
                0x1fff0000                        . = ALIGN ((. != 0x0)?0x4:0x1)
                [!provide]                        PROVIDE (__end_bss_RAM2 = .)
                [!provide]                        PROVIDE (__end_bss_SRAM_LOWER = .)

.bss            0x20000060      0x9d0
                0x20000060                        _bss = .
                [!provide]                        PROVIDE (__start_bss_RAM = .)
                [!provide]                        PROVIDE (__start_bss_SRAM_UPPER = .)
 *(SORT_BY_ALIGNMENT(.bss*))
 .bss.stacked_r0.13
                0x20000060        0x4 ./startup/system.o
 .bss.stacked_r1.12
                0x20000064        0x4 ./startup/system.o
 .bss.stacked_r2.11
                0x20000068        0x4 ./startup/system.o
 .bss.stacked_r3.10
                0x2000006c        0x4 ./startup/system.o
 .bss.stacked_r12.9
                0x20000070        0x4 ./startup/system.o
 .bss.stacked_lr.8
                0x20000074        0x4 ./startup/system.o
 .bss.stacked_pc.7
                0x20000078        0x4 ./startup/system.o
 .bss.stacked_psr.6
                0x2000007c        0x4 ./startup/system.o
 .bss._CFSR.5   0x20000080        0x4 ./startup/system.o
 .bss._HFSR.4   0x20000084        0x4 ./startup/system.o
 .bss._DFSR.3   0x20000088        0x4 ./startup/system.o
 .bss._AFSR.2   0x2000008c        0x4 ./startup/system.o
 .bss._MMAR.1   0x20000090        0x4 ./startup/system.o
 .bss._BFAR.0   0x20000094        0x4 ./startup/system.o
 .bss.rxBuf     0x20000098      0x200 ./source/com/uart0.o
 .bss.txBuf     0x20000298      0x200 ./source/com/uart0.o
 .bss.rxBuf     0x20000498      0x200 ./source/com/uart1.o
 .bss.txBuf     0x20000698      0x200 ./source/com/uart1.o
 .bss.g_xtal0Freq
                0x20000898        0x4 ./drivers/fsl_clock.o
                0x20000898                g_xtal0Freq
 .bss.g_dspiHandle
                0x2000089c        0x8 ./drivers/fsl_dspi.o
 .bss.s_dspiMasterIsr
                0x200008a4        0x4 ./drivers/fsl_dspi.o
 .bss.s_dspiSlaveIsr
                0x200008a8        0x4 ./drivers/fsl_dspi.o
 .bss.s_i2cHandle
                0x200008ac        0x8 ./drivers/fsl_i2c.o
 .bss.s_i2cMasterIsr
                0x200008b4        0x4 ./drivers/fsl_i2c.o
 .bss.s_i2cSlaveIsr
                0x200008b8        0x4 ./drivers/fsl_i2c.o
 .bss.s_uartHandle
                0x200008bc        0xc ./drivers/fsl_uart.o
                0x200008bc                s_uartHandle
 .bss.s_uartIsr
                0x200008c8        0x4 ./drivers/fsl_uart.o
                0x200008c8                s_uartIsr
 .bss.__malloc_sbrk_start
                0x200008cc        0x4 C:/nxp/MCUXpressoIDE_11.10.0_3148/ide/plugins/com.nxp.mcuxpresso.tools.win32_11.10.0.202311280810/tools/bin/../lib/gcc/arm-none-eabi/13.2.1/thumb/v7e-m+fp/hard\libc_nano.a(libc_a-mallocr.o)
                0x200008cc                __malloc_sbrk_start
 .bss.__malloc_free_list
                0x200008d0        0x4 C:/nxp/MCUXpressoIDE_11.10.0_3148/ide/plugins/com.nxp.mcuxpresso.tools.win32_11.10.0.202311280810/tools/bin/../lib/gcc/arm-none-eabi/13.2.1/thumb/v7e-m+fp/hard\libc_nano.a(libc_a-mallocr.o)
                0x200008d0                __malloc_free_list
 .bss.__sf      0x200008d4      0x138 C:/nxp/MCUXpressoIDE_11.10.0_3148/ide/plugins/com.nxp.mcuxpresso.tools.win32_11.10.0.202311280810/tools/bin/../lib/gcc/arm-none-eabi/13.2.1/thumb/v7e-m+fp/hard\libc_nano.a(libc_a-findfp.o)
                0x200008d4                __sf
 .bss.__stdio_exit_handler
                0x20000a0c        0x4 C:/nxp/MCUXpressoIDE_11.10.0_3148/ide/plugins/com.nxp.mcuxpresso.tools.win32_11.10.0.202311280810/tools/bin/../lib/gcc/arm-none-eabi/13.2.1/thumb/v7e-m+fp/hard\libc_nano.a(libc_a-findfp.o)
                0x20000a0c                __stdio_exit_handler
 .bss.errno     0x20000a10        0x4 C:/nxp/MCUXpressoIDE_11.10.0_3148/ide/plugins/com.nxp.mcuxpresso.tools.win32_11.10.0.202311280810/tools/bin/../lib/gcc/arm-none-eabi/13.2.1/thumb/v7e-m+fp/hard\libc_nano.a(libc_a-reent.o)
                0x20000a10                errno
 .bss.__end_of_heap
                0x20000a14        0x4 C:/nxp/MCUXpressoIDE_11.10.0_3148/ide/plugins/com.nxp.mcuxpresso.tools.win32_11.10.0.202311280810/tools/bin/../lib/gcc/arm-none-eabi/13.2.1/../../../../arm-none-eabi/lib/thumb/v7e-m+fp/hard\libcr_newlib_nohost.a(_cr_sbrk.o)
                0x20000a14                __end_of_heap
 .bss.rxBufCount
                0x20000a18        0x2 ./source/com/uart0.o
 .bss.rxBufWritePos
                0x20000a1a        0x2 ./source/com/uart0.o
 .bss.txBufCount
                0x20000a1c        0x2 ./source/com/uart0.o
 .bss.txBufReadPos
                0x20000a1e        0x2 ./source/com/uart0.o
 .bss.rxBufCount
                0x20000a20        0x2 ./source/com/uart1.o
 .bss.rxBufWritePos
                0x20000a22        0x2 ./source/com/uart1.o
 .bss.rxBufReadPos
                0x20000a24        0x2 ./source/com/uart1.o
 .bss.txBufCount
                0x20000a26        0x2 ./source/com/uart1.o
 .bss.txBufWritePos
                0x20000a28        0x2 ./source/com/uart1.o
 .bss.txBufReadPos
                0x20000a2a        0x2 ./source/com/uart1.o
 .bss.__lock___malloc_recursive_mutex
                0x20000a2c        0x1 C:/nxp/MCUXpressoIDE_11.10.0_3148/ide/plugins/com.nxp.mcuxpresso.tools.win32_11.10.0.202311280810/tools/bin/../lib/gcc/arm-none-eabi/13.2.1/thumb/v7e-m+fp/hard\libc_nano.a(libc_a-lock.o)
                0x20000a2c                __lock___malloc_recursive_mutex
 .bss.__lock___sfp_recursive_mutex
                0x20000a2d        0x1 C:/nxp/MCUXpressoIDE_11.10.0_3148/ide/plugins/com.nxp.mcuxpresso.tools.win32_11.10.0.202311280810/tools/bin/../lib/gcc/arm-none-eabi/13.2.1/thumb/v7e-m+fp/hard\libc_nano.a(libc_a-lock.o)
                0x20000a2d                __lock___sfp_recursive_mutex
 *(SORT_BY_ALIGNMENT(COMMON))
                0x20000a30                        . = ALIGN (0x4)
 *fill*         0x20000a2e        0x2 
                0x20000a30                        _ebss = .
                [!provide]                        PROVIDE (__end_bss_RAM = .)
                [!provide]                        PROVIDE (__end_bss_SRAM_UPPER = .)
                [!provide]                        PROVIDE (end = .)

.noinit_RAM2    0x1fff0000        0x0
                [!provide]                        PROVIDE (__start_noinit_RAM2 = .)
                [!provide]                        PROVIDE (__start_noinit_SRAM_LOWER = .)
 *(SORT_BY_ALIGNMENT(.noinit.$RAM2))
 *(SORT_BY_ALIGNMENT(.noinit.$SRAM_LOWER))
 *(SORT_BY_ALIGNMENT(.noinit.$RAM2.*))
 *(SORT_BY_ALIGNMENT(.noinit.$SRAM_LOWER.*))
                0x1fff0000                        . = ALIGN (0x4)
                [!provide]                        PROVIDE (__end_noinit_RAM2 = .)
                [!provide]                        PROVIDE (__end_noinit_SRAM_LOWER = .)

.noinit         0x20000a30        0x0
                0x20000a30                        _noinit = .
                [!provide]                        PROVIDE (__start_noinit_RAM = .)
                [!provide]                        PROVIDE (__start_noinit_SRAM_UPPER = .)
 *(SORT_BY_ALIGNMENT(.noinit*))
                0x20000a30                        . = ALIGN (0x4)
                0x20000a30                        _end_noinit = .
                [!provide]                        PROVIDE (__end_noinit_RAM = .)
                [!provide]                        PROVIDE (__end_noinit_SRAM_UPPER = .)
                0x00001000                        _HeapSize = 0x1000

.heap           0x20000a30     0x1000
                0x20000a30                        _pvHeapStart = .
                0x20001a30                        . = (. + _HeapSize)
 *fill*         0x20000a30     0x1000 
                0x20001a30                        . = ALIGN (0x4)
                0x20001a30                        _pvHeapLimit = .
                0x00001000                        _StackSize = 0x1000

.heap2stackfill
                0x20001a30     0x1000
                0x20002a30                        . = (. + _StackSize)
 *fill*         0x20001a30     0x1000 

.stack          0x2000f000        0x0
                0x2000f000                        _vStackBase = .
                0x2000f000                        . = ALIGN (0x4)
                0x20010000                        _vStackTop = (. + _StackSize)
                0x00000000                        _image_start = LOADADDR (.text)
                0x00002674                        _image_end = (LOADADDR (.data) + SIZEOF (.data))
                0x00002674                        _image_size = (_image_end - _image_start)
OUTPUT(HALLO.axf elf32-littlearm)
LOAD linker stubs

.debug_info     0x00000000     0xfb62
 .debug_info    0x00000000      0xbc0 ./startup/startup_mk22f51212.o
 .debug_info    0x00000bc0      0x573 ./startup/system.o
 .debug_info    0x00001133      0x9f8 ./source/utils/ftm0.o
 .debug_info    0x00001b2b      0x9f8 ./source/utils/ftm3.o
 .debug_info    0x00002523      0xeb0 ./source/com/uart0.o
 .debug_info    0x000033d3      0xf4b ./source/com/uart1.o
 .debug_info    0x0000431e       0x94 ./source/main.o
 .debug_info    0x000043b2     0x23ab ./drivers/fsl_clock.o
 .debug_info    0x0000675d     0x294d ./drivers/fsl_dspi.o
 .debug_info    0x000090aa     0x20f5 ./drivers/fsl_i2c.o
 .debug_info    0x0000b19f      0xc0c ./drivers/fsl_smc.o
 .debug_info    0x0000bdab     0x21c7 ./drivers/fsl_uart.o
 .debug_info    0x0000df72      0x65e ./device/system_MK22F51212.o
 .debug_info    0x0000e5d0      0xc65 ./board/clock_config.o
 .debug_info    0x0000f235       0x3c ./board/peripherals.o
 .debug_info    0x0000f271       0x3c ./board/pin_mux.o
 .debug_info    0x0000f2ad      0x13e C:/nxp/MCUXpressoIDE_11.10.0_3148/ide/plugins/com.nxp.mcuxpresso.tools.win32_11.10.0.202311280810/tools/bin/../lib/gcc/arm-none-eabi/13.2.1/../../../../arm-none-eabi/lib/thumb/v7e-m+fp/hard\libcr_newlib_nohost.a(_cr_sbrk.o)
 .debug_info    0x0000f3eb       0xa3 C:/nxp/MCUXpressoIDE_11.10.0_3148/ide/plugins/com.nxp.mcuxpresso.tools.win32_11.10.0.202311280810/tools/bin/../lib/gcc/arm-none-eabi/13.2.1/../../../../arm-none-eabi/lib/thumb/v7e-m+fp/hard\libcr_newlib_nohost.a(_exit.o)
 .debug_info    0x0000f48e       0xb1 C:/nxp/MCUXpressoIDE_11.10.0_3148/ide/plugins/com.nxp.mcuxpresso.tools.win32_11.10.0.202311280810/tools/bin/../lib/gcc/arm-none-eabi/13.2.1/../../../../arm-none-eabi/lib/thumb/v7e-m+fp/hard\libcr_newlib_nohost.a(close.o)
 .debug_info    0x0000f53f      0x2cc C:/nxp/MCUXpressoIDE_11.10.0_3148/ide/plugins/com.nxp.mcuxpresso.tools.win32_11.10.0.202311280810/tools/bin/../lib/gcc/arm-none-eabi/13.2.1/../../../../arm-none-eabi/lib/thumb/v7e-m+fp/hard\libcr_newlib_nohost.a(fstat.o)
 .debug_info    0x0000f80b       0x9c C:/nxp/MCUXpressoIDE_11.10.0_3148/ide/plugins/com.nxp.mcuxpresso.tools.win32_11.10.0.202311280810/tools/bin/../lib/gcc/arm-none-eabi/13.2.1/../../../../arm-none-eabi/lib/thumb/v7e-m+fp/hard\libcr_newlib_nohost.a(getpid.o)
 .debug_info    0x0000f8a7       0xb1 C:/nxp/MCUXpressoIDE_11.10.0_3148/ide/plugins/com.nxp.mcuxpresso.tools.win32_11.10.0.202311280810/tools/bin/../lib/gcc/arm-none-eabi/13.2.1/../../../../arm-none-eabi/lib/thumb/v7e-m+fp/hard\libcr_newlib_nohost.a(isatty.o)
 .debug_info    0x0000f958       0xbf C:/nxp/MCUXpressoIDE_11.10.0_3148/ide/plugins/com.nxp.mcuxpresso.tools.win32_11.10.0.202311280810/tools/bin/../lib/gcc/arm-none-eabi/13.2.1/../../../../arm-none-eabi/lib/thumb/v7e-m+fp/hard\libcr_newlib_nohost.a(kill.o)
 .debug_info    0x0000fa17       0xd3 C:/nxp/MCUXpressoIDE_11.10.0_3148/ide/plugins/com.nxp.mcuxpresso.tools.win32_11.10.0.202311280810/tools/bin/../lib/gcc/arm-none-eabi/13.2.1/../../../../arm-none-eabi/lib/thumb/v7e-m+fp/hard\libcr_newlib_nohost.a(lseek.o)
 .debug_info    0x0000faea       0x78 C:/nxp/MCUXpressoIDE_11.10.0_3148/ide/plugins/com.nxp.mcuxpresso.tools.win32_11.10.0.202311280810/tools/bin/../lib/gcc/arm-none-eabi/13.2.1/../../../../arm-none-eabi/lib/thumb/v7e-m+fp/hard\libcr_newlib_nohost.a(_cr_check_heap.o)

.debug_abbrev   0x00000000     0x26a0
 .debug_abbrev  0x00000000      0x19a ./startup/startup_mk22f51212.o
 .debug_abbrev  0x0000019a      0x1ba ./startup/system.o
 .debug_abbrev  0x00000354      0x172 ./source/utils/ftm0.o
 .debug_abbrev  0x000004c6      0x172 ./source/utils/ftm3.o
 .debug_abbrev  0x00000638      0x2af ./source/com/uart0.o
 .debug_abbrev  0x000008e7      0x2af ./source/com/uart1.o
 .debug_abbrev  0x00000b96       0x49 ./source/main.o
 .debug_abbrev  0x00000bdf      0x385 ./drivers/fsl_clock.o
 .debug_abbrev  0x00000f64      0x3a3 ./drivers/fsl_dspi.o
 .debug_abbrev  0x00001307      0x39f ./drivers/fsl_i2c.o
 .debug_abbrev  0x000016a6      0x301 ./drivers/fsl_smc.o
 .debug_abbrev  0x000019a7      0x459 ./drivers/fsl_uart.o
 .debug_abbrev  0x00001e00      0x148 ./device/system_MK22F51212.o
 .debug_abbrev  0x00001f48      0x20b ./board/clock_config.o
 .debug_abbrev  0x00002153       0x31 ./board/peripherals.o
 .debug_abbrev  0x00002184       0x31 ./board/pin_mux.o
 .debug_abbrev  0x000021b5      0x10a C:/nxp/MCUXpressoIDE_11.10.0_3148/ide/plugins/com.nxp.mcuxpresso.tools.win32_11.10.0.202311280810/tools/bin/../lib/gcc/arm-none-eabi/13.2.1/../../../../arm-none-eabi/lib/thumb/v7e-m+fp/hard\libcr_newlib_nohost.a(_cr_sbrk.o)
 .debug_abbrev  0x000022bf       0x67 C:/nxp/MCUXpressoIDE_11.10.0_3148/ide/plugins/com.nxp.mcuxpresso.tools.win32_11.10.0.202311280810/tools/bin/../lib/gcc/arm-none-eabi/13.2.1/../../../../arm-none-eabi/lib/thumb/v7e-m+fp/hard\libcr_newlib_nohost.a(_exit.o)
 .debug_abbrev  0x00002326       0x6d C:/nxp/MCUXpressoIDE_11.10.0_3148/ide/plugins/com.nxp.mcuxpresso.tools.win32_11.10.0.202311280810/tools/bin/../lib/gcc/arm-none-eabi/13.2.1/../../../../arm-none-eabi/lib/thumb/v7e-m+fp/hard\libcr_newlib_nohost.a(close.o)
 .debug_abbrev  0x00002393       0xcc C:/nxp/MCUXpressoIDE_11.10.0_3148/ide/plugins/com.nxp.mcuxpresso.tools.win32_11.10.0.202311280810/tools/bin/../lib/gcc/arm-none-eabi/13.2.1/../../../../arm-none-eabi/lib/thumb/v7e-m+fp/hard\libcr_newlib_nohost.a(fstat.o)
 .debug_abbrev  0x0000245f       0x59 C:/nxp/MCUXpressoIDE_11.10.0_3148/ide/plugins/com.nxp.mcuxpresso.tools.win32_11.10.0.202311280810/tools/bin/../lib/gcc/arm-none-eabi/13.2.1/../../../../arm-none-eabi/lib/thumb/v7e-m+fp/hard\libcr_newlib_nohost.a(getpid.o)
 .debug_abbrev  0x000024b8       0x6d C:/nxp/MCUXpressoIDE_11.10.0_3148/ide/plugins/com.nxp.mcuxpresso.tools.win32_11.10.0.202311280810/tools/bin/../lib/gcc/arm-none-eabi/13.2.1/../../../../arm-none-eabi/lib/thumb/v7e-m+fp/hard\libcr_newlib_nohost.a(isatty.o)
 .debug_abbrev  0x00002525       0x7e C:/nxp/MCUXpressoIDE_11.10.0_3148/ide/plugins/com.nxp.mcuxpresso.tools.win32_11.10.0.202311280810/tools/bin/../lib/gcc/arm-none-eabi/13.2.1/../../../../arm-none-eabi/lib/thumb/v7e-m+fp/hard\libcr_newlib_nohost.a(kill.o)
 .debug_abbrev  0x000025a3       0x92 C:/nxp/MCUXpressoIDE_11.10.0_3148/ide/plugins/com.nxp.mcuxpresso.tools.win32_11.10.0.202311280810/tools/bin/../lib/gcc/arm-none-eabi/13.2.1/../../../../arm-none-eabi/lib/thumb/v7e-m+fp/hard\libcr_newlib_nohost.a(lseek.o)
 .debug_abbrev  0x00002635       0x6b C:/nxp/MCUXpressoIDE_11.10.0_3148/ide/plugins/com.nxp.mcuxpresso.tools.win32_11.10.0.202311280810/tools/bin/../lib/gcc/arm-none-eabi/13.2.1/../../../../arm-none-eabi/lib/thumb/v7e-m+fp/hard\libcr_newlib_nohost.a(_cr_check_heap.o)

.debug_loc      0x00000000      0x3c0
 .debug_loc     0x00000000      0x1f9 ./startup/startup_mk22f51212.o
 .debug_loc     0x000001f9       0x62 C:/nxp/MCUXpressoIDE_11.10.0_3148/ide/plugins/com.nxp.mcuxpresso.tools.win32_11.10.0.202311280810/tools/bin/../lib/gcc/arm-none-eabi/13.2.1/../../../../arm-none-eabi/lib/thumb/v7e-m+fp/hard\libcr_newlib_nohost.a(_cr_sbrk.o)
 .debug_loc     0x0000025b       0x15 C:/nxp/MCUXpressoIDE_11.10.0_3148/ide/plugins/com.nxp.mcuxpresso.tools.win32_11.10.0.202311280810/tools/bin/../lib/gcc/arm-none-eabi/13.2.1/../../../../arm-none-eabi/lib/thumb/v7e-m+fp/hard\libcr_newlib_nohost.a(_exit.o)
 .debug_loc     0x00000270       0x2b C:/nxp/MCUXpressoIDE_11.10.0_3148/ide/plugins/com.nxp.mcuxpresso.tools.win32_11.10.0.202311280810/tools/bin/../lib/gcc/arm-none-eabi/13.2.1/../../../../arm-none-eabi/lib/thumb/v7e-m+fp/hard\libcr_newlib_nohost.a(close.o)
 .debug_loc     0x0000029b       0x2b C:/nxp/MCUXpressoIDE_11.10.0_3148/ide/plugins/com.nxp.mcuxpresso.tools.win32_11.10.0.202311280810/tools/bin/../lib/gcc/arm-none-eabi/13.2.1/../../../../arm-none-eabi/lib/thumb/v7e-m+fp/hard\libcr_newlib_nohost.a(fstat.o)
 .debug_loc     0x000002c6       0x2b C:/nxp/MCUXpressoIDE_11.10.0_3148/ide/plugins/com.nxp.mcuxpresso.tools.win32_11.10.0.202311280810/tools/bin/../lib/gcc/arm-none-eabi/13.2.1/../../../../arm-none-eabi/lib/thumb/v7e-m+fp/hard\libcr_newlib_nohost.a(isatty.o)
 .debug_loc     0x000002f1       0x2b C:/nxp/MCUXpressoIDE_11.10.0_3148/ide/plugins/com.nxp.mcuxpresso.tools.win32_11.10.0.202311280810/tools/bin/../lib/gcc/arm-none-eabi/13.2.1/../../../../arm-none-eabi/lib/thumb/v7e-m+fp/hard\libcr_newlib_nohost.a(kill.o)
 .debug_loc     0x0000031c       0x56 C:/nxp/MCUXpressoIDE_11.10.0_3148/ide/plugins/com.nxp.mcuxpresso.tools.win32_11.10.0.202311280810/tools/bin/../lib/gcc/arm-none-eabi/13.2.1/../../../../arm-none-eabi/lib/thumb/v7e-m+fp/hard\libcr_newlib_nohost.a(lseek.o)
 .debug_loc     0x00000372       0x4e C:/nxp/MCUXpressoIDE_11.10.0_3148/ide/plugins/com.nxp.mcuxpresso.tools.win32_11.10.0.202311280810/tools/bin/../lib/gcc/arm-none-eabi/13.2.1/../../../../arm-none-eabi/lib/thumb/v7e-m+fp/hard\libcr_newlib_nohost.a(_cr_check_heap.o)

.debug_aranges  0x00000000      0xe20
 .debug_aranges
                0x00000000      0x2d0 ./startup/startup_mk22f51212.o
 .debug_aranges
                0x000002d0       0x40 ./startup/system.o
 .debug_aranges
                0x00000310       0x40 ./source/utils/ftm0.o
 .debug_aranges
                0x00000350       0x40 ./source/utils/ftm3.o
 .debug_aranges
                0x00000390       0x88 ./source/com/uart0.o
 .debug_aranges
                0x00000418       0x98 ./source/com/uart1.o
 .debug_aranges
                0x000004b0       0x20 ./source/main.o
 .debug_aranges
                0x000004d0      0x208 ./drivers/fsl_clock.o
 .debug_aranges
                0x000006d8      0x1d0 ./drivers/fsl_dspi.o
 .debug_aranges
                0x000008a8      0x178 ./drivers/fsl_i2c.o
 .debug_aranges
                0x00000a20       0x98 ./drivers/fsl_smc.o
 .debug_aranges
                0x00000ab8      0x188 ./drivers/fsl_uart.o
 .debug_aranges
                0x00000c40       0x30 ./device/system_MK22F51212.o
 .debug_aranges
                0x00000c70       0x50 ./board/clock_config.o
 .debug_aranges
                0x00000cc0       0x20 ./board/peripherals.o
 .debug_aranges
                0x00000ce0       0x20 ./board/pin_mux.o
 .debug_aranges
                0x00000d00       0x20 C:/nxp/MCUXpressoIDE_11.10.0_3148/ide/plugins/com.nxp.mcuxpresso.tools.win32_11.10.0.202311280810/tools/bin/../lib/gcc/arm-none-eabi/13.2.1/../../../../arm-none-eabi/lib/thumb/v7e-m+fp/hard\libcr_newlib_nohost.a(_cr_sbrk.o)
 .debug_aranges
                0x00000d20       0x20 C:/nxp/MCUXpressoIDE_11.10.0_3148/ide/plugins/com.nxp.mcuxpresso.tools.win32_11.10.0.202311280810/tools/bin/../lib/gcc/arm-none-eabi/13.2.1/../../../../arm-none-eabi/lib/thumb/v7e-m+fp/hard\libcr_newlib_nohost.a(_exit.o)
 .debug_aranges
                0x00000d40       0x20 C:/nxp/MCUXpressoIDE_11.10.0_3148/ide/plugins/com.nxp.mcuxpresso.tools.win32_11.10.0.202311280810/tools/bin/../lib/gcc/arm-none-eabi/13.2.1/../../../../arm-none-eabi/lib/thumb/v7e-m+fp/hard\libcr_newlib_nohost.a(close.o)
 .debug_aranges
                0x00000d60       0x20 C:/nxp/MCUXpressoIDE_11.10.0_3148/ide/plugins/com.nxp.mcuxpresso.tools.win32_11.10.0.202311280810/tools/bin/../lib/gcc/arm-none-eabi/13.2.1/../../../../arm-none-eabi/lib/thumb/v7e-m+fp/hard\libcr_newlib_nohost.a(fstat.o)
 .debug_aranges
                0x00000d80       0x20 C:/nxp/MCUXpressoIDE_11.10.0_3148/ide/plugins/com.nxp.mcuxpresso.tools.win32_11.10.0.202311280810/tools/bin/../lib/gcc/arm-none-eabi/13.2.1/../../../../arm-none-eabi/lib/thumb/v7e-m+fp/hard\libcr_newlib_nohost.a(getpid.o)
 .debug_aranges
                0x00000da0       0x20 C:/nxp/MCUXpressoIDE_11.10.0_3148/ide/plugins/com.nxp.mcuxpresso.tools.win32_11.10.0.202311280810/tools/bin/../lib/gcc/arm-none-eabi/13.2.1/../../../../arm-none-eabi/lib/thumb/v7e-m+fp/hard\libcr_newlib_nohost.a(isatty.o)
 .debug_aranges
                0x00000dc0       0x20 C:/nxp/MCUXpressoIDE_11.10.0_3148/ide/plugins/com.nxp.mcuxpresso.tools.win32_11.10.0.202311280810/tools/bin/../lib/gcc/arm-none-eabi/13.2.1/../../../../arm-none-eabi/lib/thumb/v7e-m+fp/hard\libcr_newlib_nohost.a(kill.o)
 .debug_aranges
                0x00000de0       0x20 C:/nxp/MCUXpressoIDE_11.10.0_3148/ide/plugins/com.nxp.mcuxpresso.tools.win32_11.10.0.202311280810/tools/bin/../lib/gcc/arm-none-eabi/13.2.1/../../../../arm-none-eabi/lib/thumb/v7e-m+fp/hard\libcr_newlib_nohost.a(lseek.o)
 .debug_aranges
                0x00000e00       0x20 C:/nxp/MCUXpressoIDE_11.10.0_3148/ide/plugins/com.nxp.mcuxpresso.tools.win32_11.10.0.202311280810/tools/bin/../lib/gcc/arm-none-eabi/13.2.1/../../../../arm-none-eabi/lib/thumb/v7e-m+fp/hard\libcr_newlib_nohost.a(_cr_check_heap.o)

.debug_ranges   0x00000000      0xc90
 .debug_ranges  0x00000000      0x2c0 ./startup/startup_mk22f51212.o
 .debug_ranges  0x000002c0       0x30 ./startup/system.o
 .debug_ranges  0x000002f0       0x30 ./source/utils/ftm0.o
 .debug_ranges  0x00000320       0x30 ./source/utils/ftm3.o
 .debug_ranges  0x00000350       0x78 ./source/com/uart0.o
 .debug_ranges  0x000003c8       0x88 ./source/com/uart1.o
 .debug_ranges  0x00000450       0x10 ./source/main.o
 .debug_ranges  0x00000460      0x1f8 ./drivers/fsl_clock.o
 .debug_ranges  0x00000658      0x1c0 ./drivers/fsl_dspi.o
 .debug_ranges  0x00000818      0x168 ./drivers/fsl_i2c.o
 .debug_ranges  0x00000980       0x88 ./drivers/fsl_smc.o
 .debug_ranges  0x00000a08      0x178 ./drivers/fsl_uart.o
 .debug_ranges  0x00000b80       0x20 ./device/system_MK22F51212.o
 .debug_ranges  0x00000ba0       0x40 ./board/clock_config.o
 .debug_ranges  0x00000be0       0x10 ./board/peripherals.o
 .debug_ranges  0x00000bf0       0x10 ./board/pin_mux.o
 .debug_ranges  0x00000c00       0x10 C:/nxp/MCUXpressoIDE_11.10.0_3148/ide/plugins/com.nxp.mcuxpresso.tools.win32_11.10.0.202311280810/tools/bin/../lib/gcc/arm-none-eabi/13.2.1/../../../../arm-none-eabi/lib/thumb/v7e-m+fp/hard\libcr_newlib_nohost.a(_cr_sbrk.o)
 .debug_ranges  0x00000c10       0x10 C:/nxp/MCUXpressoIDE_11.10.0_3148/ide/plugins/com.nxp.mcuxpresso.tools.win32_11.10.0.202311280810/tools/bin/../lib/gcc/arm-none-eabi/13.2.1/../../../../arm-none-eabi/lib/thumb/v7e-m+fp/hard\libcr_newlib_nohost.a(_exit.o)
 .debug_ranges  0x00000c20       0x10 C:/nxp/MCUXpressoIDE_11.10.0_3148/ide/plugins/com.nxp.mcuxpresso.tools.win32_11.10.0.202311280810/tools/bin/../lib/gcc/arm-none-eabi/13.2.1/../../../../arm-none-eabi/lib/thumb/v7e-m+fp/hard\libcr_newlib_nohost.a(close.o)
 .debug_ranges  0x00000c30       0x10 C:/nxp/MCUXpressoIDE_11.10.0_3148/ide/plugins/com.nxp.mcuxpresso.tools.win32_11.10.0.202311280810/tools/bin/../lib/gcc/arm-none-eabi/13.2.1/../../../../arm-none-eabi/lib/thumb/v7e-m+fp/hard\libcr_newlib_nohost.a(fstat.o)
 .debug_ranges  0x00000c40       0x10 C:/nxp/MCUXpressoIDE_11.10.0_3148/ide/plugins/com.nxp.mcuxpresso.tools.win32_11.10.0.202311280810/tools/bin/../lib/gcc/arm-none-eabi/13.2.1/../../../../arm-none-eabi/lib/thumb/v7e-m+fp/hard\libcr_newlib_nohost.a(getpid.o)
 .debug_ranges  0x00000c50       0x10 C:/nxp/MCUXpressoIDE_11.10.0_3148/ide/plugins/com.nxp.mcuxpresso.tools.win32_11.10.0.202311280810/tools/bin/../lib/gcc/arm-none-eabi/13.2.1/../../../../arm-none-eabi/lib/thumb/v7e-m+fp/hard\libcr_newlib_nohost.a(isatty.o)
 .debug_ranges  0x00000c60       0x10 C:/nxp/MCUXpressoIDE_11.10.0_3148/ide/plugins/com.nxp.mcuxpresso.tools.win32_11.10.0.202311280810/tools/bin/../lib/gcc/arm-none-eabi/13.2.1/../../../../arm-none-eabi/lib/thumb/v7e-m+fp/hard\libcr_newlib_nohost.a(kill.o)
 .debug_ranges  0x00000c70       0x10 C:/nxp/MCUXpressoIDE_11.10.0_3148/ide/plugins/com.nxp.mcuxpresso.tools.win32_11.10.0.202311280810/tools/bin/../lib/gcc/arm-none-eabi/13.2.1/../../../../arm-none-eabi/lib/thumb/v7e-m+fp/hard\libcr_newlib_nohost.a(lseek.o)
 .debug_ranges  0x00000c80       0x10 C:/nxp/MCUXpressoIDE_11.10.0_3148/ide/plugins/com.nxp.mcuxpresso.tools.win32_11.10.0.202311280810/tools/bin/../lib/gcc/arm-none-eabi/13.2.1/../../../../arm-none-eabi/lib/thumb/v7e-m+fp/hard\libcr_newlib_nohost.a(_cr_check_heap.o)

.debug_macro    0x00000000     0xe680
 .debug_macro   0x00000000       0x29 ./startup/startup_mk22f51212.o
 .debug_macro   0x00000029      0xb02 ./startup/startup_mk22f51212.o
 .debug_macro   0x00000b2b      0x244 ./startup/system.o
 .debug_macro   0x00000d6f       0x57 ./startup/system.o
 .debug_macro   0x00000dc6       0x22 ./startup/system.o
 .debug_macro   0x00000de8       0x8e ./startup/system.o
 .debug_macro   0x00000e76       0x51 ./startup/system.o
 .debug_macro   0x00000ec7      0x103 ./startup/system.o
 .debug_macro   0x00000fca       0x6a ./startup/system.o
 .debug_macro   0x00001034      0x1df ./startup/system.o
 .debug_macro   0x00001213       0x1c ./startup/system.o
 .debug_macro   0x0000122f       0x22 ./startup/system.o
 .debug_macro   0x00001251       0xfb ./startup/system.o
 .debug_macro   0x0000134c      0xeeb ./startup/system.o
 .debug_macro   0x00002237       0x40 ./startup/system.o
 .debug_macro   0x00002277     0x8fa0 ./startup/system.o
 .debug_macro   0x0000b217       0x16 ./startup/system.o
 .debug_macro   0x0000b22d       0x61 ./startup/system.o
 .debug_macro   0x0000b28e       0x2a ./startup/system.o
 .debug_macro   0x0000b2b8       0x43 ./startup/system.o
 .debug_macro   0x0000b2fb       0x34 ./startup/system.o
 .debug_macro   0x0000b32f       0x1c ./startup/system.o
 .debug_macro   0x0000b34b       0x22 ./startup/system.o
 .debug_macro   0x0000b36d      0x190 ./startup/system.o
 .debug_macro   0x0000b4fd      0x370 ./startup/system.o
 .debug_macro   0x0000b86d       0x16 ./startup/system.o
 .debug_macro   0x0000b883       0x4a ./startup/system.o
 .debug_macro   0x0000b8cd       0x34 ./startup/system.o
 .debug_macro   0x0000b901       0x10 ./startup/system.o
 .debug_macro   0x0000b911       0x58 ./startup/system.o
 .debug_macro   0x0000b969       0x8e ./startup/system.o
 .debug_macro   0x0000b9f7       0x16 ./startup/system.o
 .debug_macro   0x0000ba0d      0x177 ./startup/system.o
 .debug_macro   0x0000bb84       0x10 ./startup/system.o
 .debug_macro   0x0000bb94       0x3c ./startup/system.o
 .debug_macro   0x0000bbd0       0x16 ./startup/system.o
 .debug_macro   0x0000bbe6       0x16 ./startup/system.o
 .debug_macro   0x0000bbfc       0x29 ./startup/system.o
 .debug_macro   0x0000bc25       0x10 ./startup/system.o
 .debug_macro   0x0000bc35     0x1295 ./startup/system.o
 .debug_macro   0x0000ceca       0x88 ./startup/system.o
 .debug_macro   0x0000cf52       0xaf ./startup/system.o
 .debug_macro   0x0000d001      0x13c ./startup/system.o
 .debug_macro   0x0000d13d       0x10 ./startup/system.o
 .debug_macro   0x0000d14d       0xda ./source/utils/ftm0.o
 .debug_macro   0x0000d227      0x17c ./source/utils/ftm0.o
 .debug_macro   0x0000d3a3       0x10 ./source/utils/ftm0.o
 .debug_macro   0x0000d3b3       0xda ./source/utils/ftm3.o
 .debug_macro   0x0000d48d       0x1c ./source/utils/ftm3.o
 .debug_macro   0x0000d4a9       0xda ./source/com/uart0.o
 .debug_macro   0x0000d583       0x6a ./source/com/uart0.o
 .debug_macro   0x0000d5ed       0xce ./source/com/uart1.o
 .debug_macro   0x0000d6bb      0x108 ./source/main.o
 .debug_macro   0x0000d7c3      0x2ca ./drivers/fsl_clock.o
 .debug_macro   0x0000da8d      0x213 ./drivers/fsl_dspi.o
 .debug_macro   0x0000dca0       0x3a ./drivers/fsl_dspi.o
 .debug_macro   0x0000dcda      0x213 ./drivers/fsl_i2c.o
 .debug_macro   0x0000deed       0x1c ./drivers/fsl_i2c.o
 .debug_macro   0x0000df09      0x214 ./drivers/fsl_smc.o
 .debug_macro   0x0000e11d      0x219 ./drivers/fsl_uart.o
 .debug_macro   0x0000e336       0x10 ./drivers/fsl_uart.o
 .debug_macro   0x0000e346       0xbf ./device/system_MK22F51212.o
 .debug_macro   0x0000e405      0x245 ./board/clock_config.o
 .debug_macro   0x0000e64a       0x1b ./board/peripherals.o
 .debug_macro   0x0000e665       0x1b ./board/pin_mux.o

.debug_line     0x00000000     0xac5e
 .debug_line    0x00000000      0x8dd ./startup/startup_mk22f51212.o
 .debug_line    0x000008dd      0x7a1 ./startup/system.o
 .debug_line    0x0000107e      0x599 ./source/utils/ftm0.o
 .debug_line    0x00001617      0x59f ./source/utils/ftm3.o
 .debug_line    0x00001bb6      0x77d ./source/com/uart0.o
 .debug_line    0x00002333      0x7d7 ./source/com/uart1.o
 .debug_line    0x00002b0a      0x57c ./source/main.o
 .debug_line    0x00003086     0x1886 ./drivers/fsl_clock.o
 .debug_line    0x0000490c     0x1b22 ./drivers/fsl_dspi.o
 .debug_line    0x0000642e     0x1675 ./drivers/fsl_i2c.o
 .debug_line    0x00007aa3      0x8b1 ./drivers/fsl_smc.o
 .debug_line    0x00008354     0x1655 ./drivers/fsl_uart.o
 .debug_line    0x000099a9      0x548 ./device/system_MK22F51212.o
 .debug_line    0x00009ef1      0x6ed ./board/clock_config.o
 .debug_line    0x0000a5de       0x5c ./board/peripherals.o
 .debug_line    0x0000a63a       0x54 ./board/pin_mux.o
 .debug_line    0x0000a68e      0x1de C:/nxp/MCUXpressoIDE_11.10.0_3148/ide/plugins/com.nxp.mcuxpresso.tools.win32_11.10.0.202311280810/tools/bin/../lib/gcc/arm-none-eabi/13.2.1/../../../../arm-none-eabi/lib/thumb/v7e-m+fp/hard\libcr_newlib_nohost.a(_cr_sbrk.o)
 .debug_line    0x0000a86c       0x44 C:/nxp/MCUXpressoIDE_11.10.0_3148/ide/plugins/com.nxp.mcuxpresso.tools.win32_11.10.0.202311280810/tools/bin/../lib/gcc/arm-none-eabi/13.2.1/../../../../arm-none-eabi/lib/thumb/v7e-m+fp/hard\libcr_newlib_nohost.a(_exit.o)
 .debug_line    0x0000a8b0       0x50 C:/nxp/MCUXpressoIDE_11.10.0_3148/ide/plugins/com.nxp.mcuxpresso.tools.win32_11.10.0.202311280810/tools/bin/../lib/gcc/arm-none-eabi/13.2.1/../../../../arm-none-eabi/lib/thumb/v7e-m+fp/hard\libcr_newlib_nohost.a(close.o)
 .debug_line    0x0000a900      0x1bc C:/nxp/MCUXpressoIDE_11.10.0_3148/ide/plugins/com.nxp.mcuxpresso.tools.win32_11.10.0.202311280810/tools/bin/../lib/gcc/arm-none-eabi/13.2.1/../../../../arm-none-eabi/lib/thumb/v7e-m+fp/hard\libcr_newlib_nohost.a(fstat.o)
 .debug_line    0x0000aabc       0x50 C:/nxp/MCUXpressoIDE_11.10.0_3148/ide/plugins/com.nxp.mcuxpresso.tools.win32_11.10.0.202311280810/tools/bin/../lib/gcc/arm-none-eabi/13.2.1/../../../../arm-none-eabi/lib/thumb/v7e-m+fp/hard\libcr_newlib_nohost.a(getpid.o)
 .debug_line    0x0000ab0c       0x51 C:/nxp/MCUXpressoIDE_11.10.0_3148/ide/plugins/com.nxp.mcuxpresso.tools.win32_11.10.0.202311280810/tools/bin/../lib/gcc/arm-none-eabi/13.2.1/../../../../arm-none-eabi/lib/thumb/v7e-m+fp/hard\libcr_newlib_nohost.a(isatty.o)
 .debug_line    0x0000ab5d       0x4f C:/nxp/MCUXpressoIDE_11.10.0_3148/ide/plugins/com.nxp.mcuxpresso.tools.win32_11.10.0.202311280810/tools/bin/../lib/gcc/arm-none-eabi/13.2.1/../../../../arm-none-eabi/lib/thumb/v7e-m+fp/hard\libcr_newlib_nohost.a(kill.o)
 .debug_line    0x0000abac       0x51 C:/nxp/MCUXpressoIDE_11.10.0_3148/ide/plugins/com.nxp.mcuxpresso.tools.win32_11.10.0.202311280810/tools/bin/../lib/gcc/arm-none-eabi/13.2.1/../../../../arm-none-eabi/lib/thumb/v7e-m+fp/hard\libcr_newlib_nohost.a(lseek.o)
 .debug_line    0x0000abfd       0x61 C:/nxp/MCUXpressoIDE_11.10.0_3148/ide/plugins/com.nxp.mcuxpresso.tools.win32_11.10.0.202311280810/tools/bin/../lib/gcc/arm-none-eabi/13.2.1/../../../../arm-none-eabi/lib/thumb/v7e-m+fp/hard\libcr_newlib_nohost.a(_cr_check_heap.o)

.debug_str      0x00000000    0x5df54
 .debug_str     0x00000000    0x5df54 ./startup/startup_mk22f51212.o
                               0x36c0 (size before relaxing)
 .debug_str     0x0005df54    0x568b7 ./startup/system.o
 .debug_str     0x0005df54    0x4b60f ./source/utils/ftm0.o
 .debug_str     0x0005df54    0x4b670 ./source/utils/ftm3.o
 .debug_str     0x0005df54    0x4b8d1 ./source/com/uart0.o
 .debug_str     0x0005df54    0x4b86b ./source/com/uart1.o
 .debug_str     0x0005df54    0x4b06a ./source/main.o
 .debug_str     0x0005df54    0x58e9e ./drivers/fsl_clock.o
 .debug_str     0x0005df54    0x58cc2 ./drivers/fsl_dspi.o
 .debug_str     0x0005df54    0x58541 ./drivers/fsl_i2c.o
 .debug_str     0x0005df54    0x57529 ./drivers/fsl_smc.o
 .debug_str     0x0005df54    0x58705 ./drivers/fsl_uart.o
 .debug_str     0x0005df54    0x51817 ./device/system_MK22F51212.o
 .debug_str     0x0005df54    0x577cf ./board/clock_config.o
 .debug_str     0x0005df54     0x2f40 ./board/peripherals.o
 .debug_str     0x0005df54     0x2f31 ./board/pin_mux.o
 .debug_str     0x0005df54      0x25b C:/nxp/MCUXpressoIDE_11.10.0_3148/ide/plugins/com.nxp.mcuxpresso.tools.win32_11.10.0.202311280810/tools/bin/../lib/gcc/arm-none-eabi/13.2.1/../../../../arm-none-eabi/lib/thumb/v7e-m+fp/hard\libcr_newlib_nohost.a(_cr_sbrk.o)
 .debug_str     0x0005df54      0x1ee C:/nxp/MCUXpressoIDE_11.10.0_3148/ide/plugins/com.nxp.mcuxpresso.tools.win32_11.10.0.202311280810/tools/bin/../lib/gcc/arm-none-eabi/13.2.1/../../../../arm-none-eabi/lib/thumb/v7e-m+fp/hard\libcr_newlib_nohost.a(_exit.o)
 .debug_str     0x0005df54      0x201 C:/nxp/MCUXpressoIDE_11.10.0_3148/ide/plugins/com.nxp.mcuxpresso.tools.win32_11.10.0.202311280810/tools/bin/../lib/gcc/arm-none-eabi/13.2.1/../../../../arm-none-eabi/lib/thumb/v7e-m+fp/hard\libcr_newlib_nohost.a(close.o)
 .debug_str     0x0005df54      0x34d C:/nxp/MCUXpressoIDE_11.10.0_3148/ide/plugins/com.nxp.mcuxpresso.tools.win32_11.10.0.202311280810/tools/bin/../lib/gcc/arm-none-eabi/13.2.1/../../../../arm-none-eabi/lib/thumb/v7e-m+fp/hard\libcr_newlib_nohost.a(fstat.o)
 .debug_str     0x0005df54      0x1fc C:/nxp/MCUXpressoIDE_11.10.0_3148/ide/plugins/com.nxp.mcuxpresso.tools.win32_11.10.0.202311280810/tools/bin/../lib/gcc/arm-none-eabi/13.2.1/../../../../arm-none-eabi/lib/thumb/v7e-m+fp/hard\libcr_newlib_nohost.a(getpid.o)
 .debug_str     0x0005df54      0x201 C:/nxp/MCUXpressoIDE_11.10.0_3148/ide/plugins/com.nxp.mcuxpresso.tools.win32_11.10.0.202311280810/tools/bin/../lib/gcc/arm-none-eabi/13.2.1/../../../../arm-none-eabi/lib/thumb/v7e-m+fp/hard\libcr_newlib_nohost.a(isatty.o)
 .debug_str     0x0005df54      0x1f8 C:/nxp/MCUXpressoIDE_11.10.0_3148/ide/plugins/com.nxp.mcuxpresso.tools.win32_11.10.0.202311280810/tools/bin/../lib/gcc/arm-none-eabi/13.2.1/../../../../arm-none-eabi/lib/thumb/v7e-m+fp/hard\libcr_newlib_nohost.a(kill.o)
 .debug_str     0x0005df54      0x1ff C:/nxp/MCUXpressoIDE_11.10.0_3148/ide/plugins/com.nxp.mcuxpresso.tools.win32_11.10.0.202311280810/tools/bin/../lib/gcc/arm-none-eabi/13.2.1/../../../../arm-none-eabi/lib/thumb/v7e-m+fp/hard\libcr_newlib_nohost.a(lseek.o)
 .debug_str     0x0005df54      0x1bd C:/nxp/MCUXpressoIDE_11.10.0_3148/ide/plugins/com.nxp.mcuxpresso.tools.win32_11.10.0.202311280810/tools/bin/../lib/gcc/arm-none-eabi/13.2.1/../../../../arm-none-eabi/lib/thumb/v7e-m+fp/hard\libcr_newlib_nohost.a(_cr_check_heap.o)

.comment        0x00000000       0x44
 .comment       0x00000000       0x44 ./startup/startup_mk22f51212.o
                                 0x45 (size before relaxing)
 .comment       0x00000044       0x45 ./startup/system.o
 .comment       0x00000044       0x45 ./source/utils/ftm0.o
 .comment       0x00000044       0x45 ./source/utils/ftm3.o
 .comment       0x00000044       0x45 ./source/com/uart0.o
 .comment       0x00000044       0x45 ./source/com/uart1.o
 .comment       0x00000044       0x45 ./source/main.o
 .comment       0x00000044       0x45 ./drivers/fsl_clock.o
 .comment       0x00000044       0x45 ./drivers/fsl_dspi.o
 .comment       0x00000044       0x45 ./drivers/fsl_i2c.o
 .comment       0x00000044       0x45 ./drivers/fsl_smc.o
 .comment       0x00000044       0x45 ./drivers/fsl_uart.o
 .comment       0x00000044       0x45 ./device/system_MK22F51212.o
 .comment       0x00000044       0x45 ./board/clock_config.o
 .comment       0x00000044       0x45 ./board/peripherals.o
 .comment       0x00000044       0x45 ./board/pin_mux.o
 .comment       0x00000044       0x45 C:/nxp/MCUXpressoIDE_11.10.0_3148/ide/plugins/com.nxp.mcuxpresso.tools.win32_11.10.0.202311280810/tools/bin/../lib/gcc/arm-none-eabi/13.2.1/../../../../arm-none-eabi/lib/thumb/v7e-m+fp/hard\libcr_newlib_nohost.a(_cr_sbrk.o)
 .comment       0x00000044       0x45 C:/nxp/MCUXpressoIDE_11.10.0_3148/ide/plugins/com.nxp.mcuxpresso.tools.win32_11.10.0.202311280810/tools/bin/../lib/gcc/arm-none-eabi/13.2.1/../../../../arm-none-eabi/lib/thumb/v7e-m+fp/hard\libcr_newlib_nohost.a(_exit.o)
 .comment       0x00000044       0x45 C:/nxp/MCUXpressoIDE_11.10.0_3148/ide/plugins/com.nxp.mcuxpresso.tools.win32_11.10.0.202311280810/tools/bin/../lib/gcc/arm-none-eabi/13.2.1/../../../../arm-none-eabi/lib/thumb/v7e-m+fp/hard\libcr_newlib_nohost.a(close.o)
 .comment       0x00000044       0x45 C:/nxp/MCUXpressoIDE_11.10.0_3148/ide/plugins/com.nxp.mcuxpresso.tools.win32_11.10.0.202311280810/tools/bin/../lib/gcc/arm-none-eabi/13.2.1/../../../../arm-none-eabi/lib/thumb/v7e-m+fp/hard\libcr_newlib_nohost.a(fstat.o)
 .comment       0x00000044       0x45 C:/nxp/MCUXpressoIDE_11.10.0_3148/ide/plugins/com.nxp.mcuxpresso.tools.win32_11.10.0.202311280810/tools/bin/../lib/gcc/arm-none-eabi/13.2.1/../../../../arm-none-eabi/lib/thumb/v7e-m+fp/hard\libcr_newlib_nohost.a(getpid.o)
 .comment       0x00000044       0x45 C:/nxp/MCUXpressoIDE_11.10.0_3148/ide/plugins/com.nxp.mcuxpresso.tools.win32_11.10.0.202311280810/tools/bin/../lib/gcc/arm-none-eabi/13.2.1/../../../../arm-none-eabi/lib/thumb/v7e-m+fp/hard\libcr_newlib_nohost.a(isatty.o)
 .comment       0x00000044       0x45 C:/nxp/MCUXpressoIDE_11.10.0_3148/ide/plugins/com.nxp.mcuxpresso.tools.win32_11.10.0.202311280810/tools/bin/../lib/gcc/arm-none-eabi/13.2.1/../../../../arm-none-eabi/lib/thumb/v7e-m+fp/hard\libcr_newlib_nohost.a(kill.o)
 .comment       0x00000044       0x45 C:/nxp/MCUXpressoIDE_11.10.0_3148/ide/plugins/com.nxp.mcuxpresso.tools.win32_11.10.0.202311280810/tools/bin/../lib/gcc/arm-none-eabi/13.2.1/../../../../arm-none-eabi/lib/thumb/v7e-m+fp/hard\libcr_newlib_nohost.a(lseek.o)
 .comment       0x00000044       0x45 C:/nxp/MCUXpressoIDE_11.10.0_3148/ide/plugins/com.nxp.mcuxpresso.tools.win32_11.10.0.202311280810/tools/bin/../lib/gcc/arm-none-eabi/13.2.1/../../../../arm-none-eabi/lib/thumb/v7e-m+fp/hard\libcr_newlib_nohost.a(_cr_check_heap.o)

.ARM.attributes
                0x00000000       0x32
 .ARM.attributes
                0x00000000       0x34 ./startup/startup_mk22f51212.o
 .ARM.attributes
                0x00000034       0x34 ./startup/system.o
 .ARM.attributes
                0x00000068       0x34 ./source/utils/ftm0.o
 .ARM.attributes
                0x0000009c       0x34 ./source/utils/ftm3.o
 .ARM.attributes
                0x000000d0       0x34 ./source/com/uart0.o
 .ARM.attributes
                0x00000104       0x34 ./source/com/uart1.o
 .ARM.attributes
                0x00000138       0x34 ./source/main.o
 .ARM.attributes
                0x0000016c       0x34 ./drivers/fsl_clock.o
 .ARM.attributes
                0x000001a0       0x34 ./drivers/fsl_dspi.o
 .ARM.attributes
                0x000001d4       0x34 ./drivers/fsl_i2c.o
 .ARM.attributes
                0x00000208       0x34 ./drivers/fsl_smc.o
 .ARM.attributes
                0x0000023c       0x34 ./drivers/fsl_uart.o
 .ARM.attributes
                0x00000270       0x34 ./device/system_MK22F51212.o
 .ARM.attributes
                0x000002a4       0x34 ./board/clock_config.o
 .ARM.attributes
                0x000002d8       0x34 ./board/peripherals.o
 .ARM.attributes
                0x0000030c       0x34 ./board/pin_mux.o
 .ARM.attributes
                0x00000340       0x34 C:/nxp/MCUXpressoIDE_11.10.0_3148/ide/plugins/com.nxp.mcuxpresso.tools.win32_11.10.0.202311280810/tools/bin/../lib/gcc/arm-none-eabi/13.2.1/thumb/v7e-m+fp/hard\libc_nano.a(libc_a-assert.o)
 .ARM.attributes
                0x00000374       0x34 C:/nxp/MCUXpressoIDE_11.10.0_3148/ide/plugins/com.nxp.mcuxpresso.tools.win32_11.10.0.202311280810/tools/bin/../lib/gcc/arm-none-eabi/13.2.1/thumb/v7e-m+fp/hard\libc_nano.a(libc_a-mallocr.o)
 .ARM.attributes
                0x000003a8       0x34 C:/nxp/MCUXpressoIDE_11.10.0_3148/ide/plugins/com.nxp.mcuxpresso.tools.win32_11.10.0.202311280810/tools/bin/../lib/gcc/arm-none-eabi/13.2.1/thumb/v7e-m+fp/hard\libc_nano.a(libc_a-mlock.o)
 .ARM.attributes
                0x000003dc       0x34 C:/nxp/MCUXpressoIDE_11.10.0_3148/ide/plugins/com.nxp.mcuxpresso.tools.win32_11.10.0.202311280810/tools/bin/../lib/gcc/arm-none-eabi/13.2.1/thumb/v7e-m+fp/hard\libc_nano.a(libc_a-fprintf.o)
 .ARM.attributes
                0x00000410       0x34 C:/nxp/MCUXpressoIDE_11.10.0_3148/ide/plugins/com.nxp.mcuxpresso.tools.win32_11.10.0.202311280810/tools/bin/../lib/gcc/arm-none-eabi/13.2.1/thumb/v7e-m+fp/hard\libc_nano.a(libc_a-memset.o)
 .ARM.attributes
                0x00000444       0x34 C:/nxp/MCUXpressoIDE_11.10.0_3148/ide/plugins/com.nxp.mcuxpresso.tools.win32_11.10.0.202311280810/tools/bin/../lib/gcc/arm-none-eabi/13.2.1/thumb/v7e-m+fp/hard\libc_nano.a(libc_a-impure.o)
 .ARM.attributes
                0x00000478       0x34 C:/nxp/MCUXpressoIDE_11.10.0_3148/ide/plugins/com.nxp.mcuxpresso.tools.win32_11.10.0.202311280810/tools/bin/../lib/gcc/arm-none-eabi/13.2.1/thumb/v7e-m+fp/hard\libc_nano.a(libc_a-sbrkr.o)
 .ARM.attributes
                0x000004ac       0x34 C:/nxp/MCUXpressoIDE_11.10.0_3148/ide/plugins/com.nxp.mcuxpresso.tools.win32_11.10.0.202311280810/tools/bin/../lib/gcc/arm-none-eabi/13.2.1/thumb/v7e-m+fp/hard\libc_nano.a(libc_a-lock.o)
 .ARM.attributes
                0x000004e0       0x34 C:/nxp/MCUXpressoIDE_11.10.0_3148/ide/plugins/com.nxp.mcuxpresso.tools.win32_11.10.0.202311280810/tools/bin/../lib/gcc/arm-none-eabi/13.2.1/thumb/v7e-m+fp/hard\libc_nano.a(libc_a-abort.o)
 .ARM.attributes
                0x00000514       0x34 C:/nxp/MCUXpressoIDE_11.10.0_3148/ide/plugins/com.nxp.mcuxpresso.tools.win32_11.10.0.202311280810/tools/bin/../lib/gcc/arm-none-eabi/13.2.1/thumb/v7e-m+fp/hard\libc_nano.a(libc_a-freer.o)
 .ARM.attributes